Component: ARM Compiler 5.06 update 1 (build 61) Tool: armlink [4d35a8]

==============================================================================

Section Cross References

    flashb.o(i.bFlashAutoSelect) refers to flashb.o(i.bFlashWrite) for bFlashWrite
    flashb.o(i.bFlashAutoSelect) refers to flashb.o(i.bFlashRead) for bFlashRead
    flashb.o(i.bFlashAutoSelect) refers to flashb.o(.constdata) for BlockOffset
    flashb.o(i.bFlashBlockErase) refers to flashb.o(i.bFlashAutoSelect) for bFlashAutoSelect
    flashb.o(i.bFlashBlockErase) refers to flashb.o(i.bFlashWrite) for bFlashWrite
    flashb.o(i.bFlashBlockErase) refers to flashb.o(i.bFlashRead) for bFlashRead
    flashb.o(i.bFlashBlockErase) refers to flashb.o(i.bFlashDataToggle) for bFlashDataToggle
    flashb.o(i.bFlashBlockErase) refers to flashb.o(i.bFlashReadReset) for bFlashReadReset
    flashb.o(i.bFlashBlockErase) refers to flashb.o(.constdata) for BlockOffset
    flashb.o(i.bFlashChipErase) refers to flashb.o(i.bFlashAutoSelect) for bFlashAutoSelect
    flashb.o(i.bFlashChipErase) refers to flashb.o(i.bFlashWrite) for bFlashWrite
    flashb.o(i.bFlashChipErase) refers to flashb.o(i.bFlashDataToggle) for bFlashDataToggle
    flashb.o(i.bFlashChipErase) refers to flashb.o(i.bFlashReadReset) for bFlashReadReset
    flashb.o(i.bFlashDataToggle) refers to flashb.o(i.bFlashRead) for bFlashRead
    flashb.o(i.bFlashMBlockErase) refers to flashb.o(i.bFlashAutoSelect) for bFlashAutoSelect
    flashb.o(i.bFlashMBlockErase) refers to flashb.o(i.bFlashWrite) for bFlashWrite
    flashb.o(i.bFlashMBlockErase) refers to flashb.o(i.bFlashRead) for bFlashRead
    flashb.o(i.bFlashMBlockErase) refers to flashb.o(i.bFlashDataToggle) for bFlashDataToggle
    flashb.o(i.bFlashMBlockErase) refers to flashb.o(i.bFlashReadReset) for bFlashReadReset
    flashb.o(i.bFlashMBlockErase) refers to flashb.o(.constdata) for BlockOffset
    flashb.o(i.bFlashProgram) refers to flashb.o(i.bFlashAutoSelect) for bFlashAutoSelect
    flashb.o(i.bFlashProgram) refers to flashb.o(i.wFlashProgramAWord) for wFlashProgramAWord
    flashb.o(i.bFlashProgram) refers to flashb.o(.constdata) for BlockOffset
    flashb.o(i.bFlashReadReset) refers to flashb.o(i.bFlashWrite) for bFlashWrite
    flashb.o(i.bFlashReadReset) refers to flashb.o(i.bFlashPause) for bFlashPause
    flashb.o(i.wFlashProgramAWord) refers to monitor.o(i.xprintf) for xprintf
    flashb.o(i.wFlashProgramAWord) refers to flashb.o(i.bFlashWrite) for bFlashWrite
    flashb.o(i.wFlashProgramAWord) refers to flashb.o(i.wFlashWrite) for wFlashWrite
    flashb.o(i.wFlashProgramAWord) refers to flashb.o(i.bFlashDataToggle) for bFlashDataToggle
    flashb.o(i.wFlashProgramAWord) refers to flashb.o(i.bFlashReadReset) for bFlashReadReset
    fsmc_sram.o(i.FSMC_IOInit) refers to stm32f10x_rcc.o(i.RCC_APB2PeriphClockCmd) for RCC_APB2PeriphClockCmd
    fsmc_sram.o(i.FSMC_IOInit) refers to stm32f10x_gpio.o(i.GPIO_Init) for GPIO_Init
    fsmc_sram.o(i.FSMC_Init) refers to stm32f10x_rcc.o(i.RCC_AHBPeriphClockCmd) for RCC_AHBPeriphClockCmd
    fsmc_sram.o(i.FSMC_Init) refers to fsmc_sram.o(i.FSMC_IOInit) for FSMC_IOInit
    fsmc_sram.o(i.FSMC_Init) refers to stm32f10x_fsmc.o(i.FSMC_NORSRAMInit) for FSMC_NORSRAMInit
    fsmc_sram.o(i.FSMC_Init) refers to stm32f10x_fsmc.o(i.FSMC_NORSRAMCmd) for FSMC_NORSRAMCmd
    fsmc_sram.o(i.SRAM_ReadBuffer) refers to memcpya.o(.text) for __aeabi_memcpy
    fsmc_sram.o(i.SRAM_WriteBuffer) refers to memcpya.o(.text) for __aeabi_memcpy
    interface.o(i.Beep) refers to keyboard.o(.data) for beep_len
    interface.o(i.Bell) refers to interface.o(i.Beep) for Beep
    interface.o(i.Bios) refers to print_main.o(i.RSPrint) for RSPrint
    interface.o(i.Bios) refers to strlen.o(.text) for strlen
    interface.o(i.Bios) refers to usart.o(i.USART_printf) for USART_printf
    interface.o(i.Bios) refers to memory.o(.bss) for ApplVar
    interface.o(i.Bios_1) refers to print_main.o(i.Get_Printer_status) for Get_Printer_status
    interface.o(i.Bios_1) refers to print_main.o(i.RSPrint) for RSPrint
    interface.o(i.Bios_1) refers to led_customer.o(i.LED_On) for LED_On
    interface.o(i.Bios_1) refers to led_customer.o(i.PutsO_Saved) for PutsO_Saved
    interface.o(i.Bios_1) refers to led_customer.o(i.LED_Off) for LED_Off
    interface.o(i.Bios_1) refers to keyboard.o(i.EnableBeep) for EnableBeep
    interface.o(i.Bios_1) refers to interface.o(i.Beep) for Beep
    interface.o(i.Bios_1) refers to rtc.o(i.rtc_gettime) for rtc_gettime
    interface.o(i.Bios_1) refers to rtc.o(i.rtc_settime) for rtc_settime
    interface.o(i.Bios_1) refers to keyboard.o(i.CheckKeyboard) for CheckKeyboard
    interface.o(i.Bios_1) refers to usart.o(i.USART_printf) for USART_printf
    interface.o(i.Bios_1) refers to print_def.o(.data) for Printer_Status
    interface.o(i.Bios_1) refers to memory.o(.bss) for ApplVar
[...]
    0x08010084   0x00000090   Code   RO         3912    i.GPRSRegisterTCPIP  gprs.o
    0x08010114   0x00000064   Code   RO         3913    i.GPRSReset         gprs.o
    0x08010178   0x00000084   Code   RO         3914    i.GPRSSIM_Exist     gprs.o
    0x080101fc   0x0000002e   Code   RO         3915    i.GPRSSendAString   gprs.o
    0x0801022a   0x0000001a   Code   RO         3916    i.GPRSSendByte      gprs.o
    0x08010244   0x000000f4   Code   RO         3917    i.GPRSSendECRData   gprs.o
    0x08010338   0x000000b8   Code   RO         3918    i.GPRSSendECR_HeartBeat  gprs.o
    0x080103f0   0x00000374   Code   RO         3919    i.GPRSSendECR_LOG   gprs.o
    0x08010764   0x00000050   Code   RO         3920    i.GPRSSendECR_LOG_All  gprs.o
    0x080107b4   0x0000003c   Code   RO         3921    i.GPRSSendHEX       gprs.o
    0x080107f0   0x00000020   Code   RO         3923    i.GPRSSend_ATE0     gprs.o
    0x08010810   0x00000048   Code   RO         3925    i.GPRSSkipReceived  gprs.o
    0x08010858   0x000001a4   Code   RO         3926    i.GPRSStartGprs     gprs.o
    0x080109fc   0x000000a8   Code   RO         3927    i.GPRSWaitForOK     gprs.o
    0x08010aa4   0x00000194   Code   RO         3928    i.GPRSWaitForReady  gprs.o
    0x08010c38   0x00000074   Code   RO         3929    i.GPRSWaitForRequest  gprs.o
    0x08010cac   0x00000074   Code   RO         3930    i.GPRSWaitForSuccess  gprs.o
    0x08010d20   0x0000001c   Code   RO         3931    i.GPRS_DownloadALL  gprs.o
    0x08010d3c   0x00000024   Code   RO         3932    i.GPRS_DownloadCLERK  gprs.o
    0x08010d60   0x00000024   Code   RO         3933    i.GPRS_DownloadDEPT  gprs.o
    0x08010d84   0x0000001c   Code   RO         3934    i.GPRS_DownloadHEAD  gprs.o
    0x08010da0   0x00000024   Code   RO         3935    i.GPRS_DownloadPLU  gprs.o
    0x08010dc4   0x0000001c   Code   RO         3936    i.GPRS_DownloadPTRAIL  gprs.o
    0x08010de0   0x000000b4   Code   RO         3937    i.GPRS_DrawSignal   gprs.o
    0x08010e94   0x00000e74   Code   RO         3938    i.GPRS_ProcessRecord  gprs.o
    0x08011d08   0x00000028   Code   RO         3939    i.GPRS_Restart      gprs.o
    0x08011d30   0x000000ec   Code   RO         3940    i.GPRS_SetSendMode  gprs.o
    0x08011e1c   0x00000008   Code   RO         4802    i.GetActiveItemStr  menu.o
    0x08011e24   0x00000158   Code   RO         5506    i.GetBCDValue       program.o
    0x08011f7c   0x00000070   Code   RO         5445    i.GetByte           progopt.o
    0x08011fec   0x00000034   Code   RO         5507    i.GetByteValue      program.o
    0x08012020   0x00000024   Code   RO         2210    i.GetClerkOffSet    clerk.o
    0x08012044   0x00000020   Code   RO         2330    i.GetCorrecOffSet   correc.o
    0x08012064   0x00000020   Code   RO         2376    i.GetCurrOffSet     currency.o
    0x08012084   0x000000c8   Code   RO         2377    i.GetCurrency       currency.o
    0x0801214c   0x000000ac   Code   RO         2613    i.GetDaysFrom1900   extmodules.o
    0x080121f8   0x00000020   Code   RO         2417    i.GetDeptOffSet     depart.o
    0x08012218   0x0000009c   Code   RO         5446    i.GetDevicePort     progopt.o
    0x080122b4   0x00000020   Code   RO         2468    i.GetDiscOffSet     discount.o
    0x080122d4   0x00000020   Code   RO         2516    i.GetDrawerOffSet   drawer.o
    0x080122f4   0x00000020   Code   RO        10457    i.GetEPRxAddr       usb_regs.o
    0x08012314   0x00000024   Code   RO        10458    i.GetEPRxCount      usb_regs.o
    0x08012338   0x00000020   Code   RO        10460    i.GetEPTxAddr       usb_regs.o
    0x08012358   0x00000040   Code   RO         4688    i.GetEntry          main.o
    0x08012398   0x00000020   Code   RO         3259    i.GetFirmkeyID      firmkey.o
    0x080123b8   0x00000020   Code   RO         4183    i.GetGroupOffSet    group.o
    0x080123d8   0x0000014c   Code   RO         5508    i.GetHEXValue       program.o
    0x08012524   0x00000044   Code   RO         5447    i.GetHexBytes       progopt.o
    0x08012568   0x0000001c   Code   RO         4398    i.GetICBlockOffSet  iccardblock.o
    0x08012584   0x000000d8   Code   RO         5509    i.GetIP             program.o
    0x0801265c   0x00000064   Code   RO         4803    i.GetInputByListItems  menu.o
    0x080126c0   0x00000118   Code   RO         3260    i.GetInputForMenu   firmkey.o
    0x080127d8   0x00000058   Code   RO         5126    i.GetLinkNumber     plu.o
    0x08012830   0x00000020   Code   RO         4930    i.GetModiOffSet     modifier.o
    0x08012850   0x00000190   Code   RO         4931    i.GetModifier       modifier.o
    0x080129e0   0x00000070   Code   RO         2119    i.GetNumric         chninput.o
    0x08012a50   0x00000020   Code   RO         4960    i.GetOFFPriceOffSet  offprice.o
    0x08012a70   0x00000840   Code   RO         5448    i.GetOpt            progopt.o
    0x080132b0   0x00000020   Code   RO         4999    i.GetPbFOffSet      pb.o
    0x080132d0   0x00000174   Code   RO         5000    i.GetPbNumber       pb.o
    0x08013444   0x0000002c   Code   RO         5001    i.GetPbtOffSet      pb.o
    0x08013470   0x00000034   Code   RO         5127    i.GetPluNumber      plu.o
    0x080134a4   0x00000020   Code   RO         5128    i.GetPluOffSet      plu.o
    0x080134c4   0x000000ec   Code   RO         2418    i.GetPluPrint       depart.o
    0x080135b0   0x00000020   Code   RO         5225    i.GetPoRaOffSet     pora.o
    0x080135d0   0x00000084   Code   RO         5449    i.GetPortRate       progopt.o
    0x08013654   0x00000080   Code   RO         3344    i.GetReceiptNumber  fiscal.o
    0x080136d4   0x00000508   Code   RO         4771    i.GetRecordSize     memory.o
    0x08013bdc   0x00000448   Code   RO         5954    i.GetReport         report.o
    0x08014024   0x00000038   Code   RO         1970    i.GetStrFr          chndisp.o
    0x0801405c   0x00000130   Code   RO         2615    i.GetStrFrKBD       extmodules.o
    0x0801418c   0x00000180   Code   RO         5510    i.GetString         program.o
    0x0801430c   0x000001c4   Code   RO         2120    i.GetStringCHN      chninput.o
    0x080144d0   0x0000017c   Code   RO         5955    i.GetSystemReport   report.o
    0x0801464c   0x000001f0   Code   RO         6395    i.GetTaskFromPool   print_main.o
    0x0801483c   0x00000020   Code   RO         6226    i.GetTaxOffSet      tax.o
    0x0801485c   0x00000020   Code   RO         6282    i.GetTenderOffSet   tender.o
    0x0801487c   0x00000074   Code   RO         2616    i.GetTimeDate       extmodules.o
    0x080148f0   0x000000d0   Code   RO         6318    i.GetTimeZones      timer.o
    0x080149c0   0x00000038   Code   RO         2617    i.GetWeekDay        extmodules.o
    0x080149f8   0x0000003c   Code   RO         3763    i.GetWordEntry      general.o
    0x08014a34   0x00000094   Code   RO         5511    i.GetWordValue      program.o
    0x08014ac8   0x00000098   Code   RO         6396    i.Get_Printer_status  print_main.o
    0x08014b60   0x00000034   Code   RO        10151    i.Get_SerialNum     hw_config.o
    0x08014b94   0x00000060   Code   RO          604    i.Getch             keyboard.o
    0x08014bf4   0x0000003c   Code   RO         1972    i.GotoXY            chndisp.o
    0x08014c30   0x0000006c   Code   RO         1428    i.GregorianDay      rtc.o
    0x08014c9c   0x0000004c   Code   RO         2618    i.HEXtoASC          extmodules.o
    0x08014ce8   0x00000070   Code   RO         2619    i.HEXtoASCX0        extmodules.o
    0x08014d58   0x000000ac   Code   RO          283    i.HW_GPIOInit       interface.o
    0x08014e04   0x00000004   Code   RO          929    i.HardFault_Handler  stm32f10x_it.o
    0x08014e08   0x000002c0   Code   RO         4214    i.HardTest          hardtest.o
    0x080150c8   0x0000005e   Code   RO         5512    i.IPToNum           program.o
    0x08015126   0x00000002   PAD
    0x08015128   0x00000070   Code   RO        10825    i.In0_Process       usb_core.o
    0x08015198   0x00000012   Code   RO         4804    i.IncRecIndex       menu.o
    0x080151aa   0x00000002   Code   RO         4441    i.InitAgree         initappl.o
    0x080151ac   0x00000b00   Code   RO         4442    i.InitApplication   initappl.o
    0x08015cac   0x00000068   Code   RO         4443    i.InitClerk         initappl.o
    0x08015d14   0x00000050   Code   RO         4444    i.InitCorrec        initappl.o
    0x08015d64   0x00000054   Code   RO         4445    i.InitCurr          initappl.o
    0x08015db8   0x00000104   Code   RO         4446    i.InitDept          initappl.o
    0x08015ebc   0x00000054   Code   RO         4447    i.InitDisc          initappl.o
    0x08015f10   0x00000050   Code   RO         4448    i.InitDrawer        initappl.o
    0x08015f60   0x00000024   Code   RO         4329    i.InitECRVIP        iccard.o
    0x08015f84   0x00000030   Code   RO         4449    i.InitGraph         initappl.o
    0x08015fb4   0x0000007c   Code   RO         4450    i.InitGroup         initappl.o
    0x08016030   0x00000050   Code   RO         4451    i.InitKeyMacro      initappl.o
    0x08016080   0x0000006c   Code   RO         4452    i.InitModifier      initappl.o
    0x080160ec   0x00000044   Code   RO          681    i.InitMonitor       monitor.o
    0x08016130   0x00000058   Code   RO         4453    i.InitOFFPrice      initappl.o
    0x08016188   0x00000108   Code   RO         4454    i.InitPbF           initappl.o
    0x08016290   0x00000148   Code   RO         4455    i.InitPlu           initappl.o
    0x080163d8   0x00000050   Code   RO         4456    i.InitPoRa          initappl.o
    0x08016428   0x0000004c   Code   RO         4457    i.InitPort          initappl.o
    0x08016474   0x00000002   Code   RO         4458    i.InitSalPer        initappl.o
    0x08016476   0x00000002   PAD
    0x08016478   0x000000a0   Code   RO         5513    i.InitSysFlag       program.o
    0x08016518   0x00000050   Code   RO         4459    i.InitTax           initappl.o
    0x08016568   0x00000054   Code   RO         4460    i.InitTender        initappl.o
    0x080165bc   0x0000005c   Code   RO         3444    i.Init_Flow         flowbill.o
    0x08016618   0x00000144   Code   RO         4461    i.Initial_DateTime  initappl.o
    0x0801675c   0x000000a0   Code   RO         2122    i.InputEXASCII      chninput.o
    0x080167fc   0x00000094   Code   RO         2621    i.InputWord         extmodules.o
    0x08016890   0x000000bc   Code   RO         2622    i.InputYesNo        extmodules.o
    0x0801694c   0x0000003e   Code   RO        10152    i.IntToUnicode      hw_config.o
    0x0801698a   0x00000002   PAD
    0x0801698c   0x00000088   Code   RO         5450    i.InvertBit         progopt.o
    0x08016a14   0x000001c4   Code   RO         4617    i.IssueKp           kp.o
    0x08016bd8   0x0000000c   Code   RO         2623    i.JFeed             extmodules.o
    0x08016be4   0x000000b8   Code   RO         4689    i.KbHit             main.o
    0x08016c9c   0x0000000c   Code   RO          605    i.KeyBoardDeInit    keyboard.o
    0x08016ca8   0x00000010   Code   RO          606    i.KeyBoardInit      keyboard.o
    0x08016cb8   0x00000324   Code   RO         4690    i.KeyInput          main.o
    0x08016fdc   0x00000068   Code   RO         4618    i.KpEnd             kp.o
    0x08017044   0x0000018c   Code   RO         4619    i.KpHeader          kp.o
    0x080171d0   0x0000000e   Code   RO         1492    i.LED_Delay         led_customer.o
    0x080171de   0x00000002   PAD
    0x080171e0   0x00000064   Code   RO         1493    i.LED_Init          led_customer.o
    0x08017244   0x00000024   Code   RO         1494    i.LED_Off           led_customer.o
    0x08017268   0x0000000c   Code   RO         1495    i.LED_On            led_customer.o
    0x08017274   0x00000064   Code   RO         1496    i.LED_Refresh       led_customer.o
    0x080172d8   0x00000040   Code   RO         1497    i.LED_SendBit       led_customer.o
    0x08017318   0x00000070   Code   RO         1498    i.LED_SendData      led_customer.o
    0x08017388   0x00000024   Code   RO        10153    i.Leave_LowPowerMode  hw_config.o
    0x080173ac   0x000000b4   Code   RO         2624    i.LeftShiftBCD      extmodules.o
    0x08017460   0x0000077c   Code   RO         2123    i.LineEditor        chninput.o
    0x08017bdc   0x0000001c   Code   RO         4399    i.ListICBlock       iccardblock.o
    0x08017bf8   0x000009ec   Code   RO         4805    i.ListItems         menu.o
    0x080185e4   0x0000033c   Code   RO         3445    i.LoadReceipLog     flowbill.o
    0x08018920   0x00000160   Code   RO         5129    i.LookPlu           plu.o
    0x08018a80   0x000001f8   Code   RO         2625    i.MGFunctions       extmodules.o
    0x08018c78   0x000000a0   Code   RO         5886    i.MakeTime          report2.o
    0x08018d18   0x00000004   Code   RO          930    i.MemManage_Handler  stm32f10x_it.o
    0x08018d1c   0x0000024c   Code   RO         4806    i.MenuMain          menu.o
    0x08018f68   0x00000030   Code   RO         6398    i.Move_Motor        print_main.o
    0x08018f98   0x00000288   Code   RO         2626    i.Multiply          extmodules.o
    0x08019220   0x00000002   Code   RO          931    i.NMI_Handler       stm32f10x_it.o
    0x08019222   0x00000002   Code   RO        10826    i.NOP_Process       usb_core.o
    0x08019224   0x00000070   Code   RO         7138    i.NVIC_Init         misc.o
    0x08019294   0x00000014   Code   RO         7139    i.NVIC_PriorityGroupConfig  misc.o
    0x080192a8   0x00000028   Code   RO         1191    i.NVIC_SDConfiguration  sdio_sd.o
    0x080192d0   0x0000026c   Code   RO         5514    i.NewProgSysFlag    program.o
    0x0801953c   0x00000038   Code   RO         3363    i.NewReceipt        fixed.o
    0x08019574   0x00000338   Code   RO         6319    i.NewTimeDate       timer.o
    0x080198ac   0x00000138   Code   RO        10827    i.NoData_Setup0     usb_core.o
    0x080199e4   0x00000084   Code   RO         5515    i.NumToIP           program.o
    0x08019a68   0x00000014   Code   RO         2517    i.OpenDrawer        drawer.o
    0x08019a7c   0x00000030   Code   RO         1973    i.OpenMess          chndisp.o
    0x08019aac   0x00000050   Code   RO        10828    i.Out0_Process      usb_core.o
    0x08019afc   0x00000080   Code   RO         4691    i.OutPrint          main.o
    0x08019b7c   0x0000004c   Code   RO         4692    i.OutPrintEx        main.o
    0x08019bc8   0x00000028   Code   RO        10994    i.PMAToUserBufferCopy  usb_mem.o
    0x08019bf0   0x000000a4   Code   RO         6399    i.PRNDataPort_Init  print_main.o
    0x08019c94   0x00000002   Code   RO         6400    i.PRNFeedPort_Init  print_main.o
    0x08019c96   0x00000002   PAD
    0x08019c98   0x00000054   Code   RO         6401    i.PRNPePwPort_Init  print_main.o
    0x08019cec   0x000000e0   Code   RO         6402    i.PRNTIMER_Init     print_main.o
    0x08019dcc   0x00000074   Code   RO         6403    i.PRNTempPort_Init  print_main.o
    0x08019e40   0x0000000c   Code   RO         8643    i.PWR_BackupAccessCmd  stm32f10x_pwr.o
    0x08019e4c   0x00000388   Code   RO         5226    i.PaidOutRa         pora.o
    0x0801a1d4   0x000002c8   Code   RO         5086    i.PbBuffer          pbbuffer.o
    0x0801a49c   0x000013a0   Code   RO         5002    i.PbFunction        pb.o
    0x0801b83c   0x00000264   Code   RO         5003    i.PbTotal           pb.o
    0x0801baa0   0x00000002   Code   RO          932    i.PendSV_Handler    stm32f10x_it.o
    0x0801baa2   0x00000022   Code   RO         5956    i.PeriodSkip        report.o
    0x0801bac4   0x000000f0   Code   RO         5957    i.Plu_XReport       report.o
    0x0801bbb4   0x000001ac   Code   RO         4330    i.PointsByECRVIP    iccard.o
    0x0801bd60   0x00000028   Code   RO         2628    i.PosOfFuncKey      extmodules.o
    0x0801bd88   0x00000048   Code   RO        10829    i.Post0_Process     usb_core.o
    0x0801bdd0   0x00000040   Code   RO        10106    i.PowerOn           usb_pwr.o
    0x0801be10   0x0000007c   Code   RO         5295    i.PrePrintHead      print.o
    0x0801be8c   0x00000750   Code   RO         5296    i.PrintAllons       print.o
    0x0801c5dc   0x00000014   Code   RO         5297    i.PrintAmt          print.o
    0x0801c5f0   0x00000260   Code   RO         4620    i.PrintArticle      kp.o
    0x0801c850   0x000004b8   Code   RO         4215    i.PrintConfInf      hardtest.o
    0x0801cd08   0x000000d4   Code   RO         5958    i.PrintCorrec       report.o
    0x0801cddc   0x00000040   Code   RO         5959    i.PrintCorrecReport  report.o
    0x0801ce1c   0x00000040   Code   RO         5960    i.PrintCurrReport   report.o
    0x0801ce5c   0x00000084   Code   RO         5961    i.PrintCurrency     report.o
    0x0801cee0   0x000000a8   Code   RO         5962    i.PrintDept         report.o
    0x0801cf88   0x00000040   Code   RO         5963    i.PrintDeptReport   report.o
    0x0801cfc8   0x00000380   Code   RO         5130    i.PrintDept_PLU     plu.o
    0x0801d348   0x00000074   Code   RO         5964    i.PrintDisc         report.o
    0x0801d3bc   0x00000040   Code   RO         5965    i.PrintDiscReport   report.o
    0x0801d3fc   0x00000040   Code   RO         5966    i.PrintDrawReport   report.o
    0x0801d43c   0x00000084   Code   RO         5967    i.PrintDrawer       report.o
    0x0801d4c0   0x000002b0   Code   RO         4331    i.PrintECRVIP       iccard.o
    0x0801d770   0x000000cc   Code   RO         3446    i.PrintFlowQtyAmt   flowbill.o
    0x0801d83c   0x00000070   Code   RO         2630    i.PrintGraphics     extmodules.o
    0x0801d8ac   0x00000084   Code   RO         5968    i.PrintGroup        report.o
    0x0801d930   0x00000040   Code   RO         5969    i.PrintGroupReport  report.o
    0x0801d970   0x0000007c   Code   RO         5298    i.PrintHead1        print.o
    0x0801d9ec   0x00000002   Code   RO         4332    i.PrintICMessage    iccard.o
    0x0801d9ee   0x00000002   PAD
    0x0801d9f0   0x000000a0   Code   RO         2631    i.PrintKeyboard     extmodules.o
    0x0801da90   0x00000168   Code   RO         4621    i.PrintKp           kp.o
    0x0801dbf8   0x00000024   Code   RO         5299    i.PrintLine         print.o
    0x0801dc1c   0x0000003c   Code   RO         4216    i.PrintLine2        hardtest.o
    0x0801dc58   0x000000b0   Code   RO         4807    i.PrintMGMenu       menu.o
    0x0801dd08   0x00000024   Code   RO         3765    i.PrintMessage      general.o
    0x0801dd2c   0x00000064   Code   RO         2419    i.PrintModifiers    depart.o
    0x0801dd90   0x00000054   Code   RO         5004    i.PrintNewBal       pb.o
    0x0801dde4   0x00000074   Code   RO         3364    i.PrintNumber       fixed.o
    0x0801de58   0x00000350   Code   RO         5970    i.PrintOpenPb       report.o
    0x0801e1a8   0x0000007c   Code   RO         5971    i.PrintPb           report.o
    0x0801e224   0x00000074   Code   RO         5972    i.PrintPbF          report.o
    0x0801e298   0x00000048   Code   RO         5973    i.PrintPbFReport    report.o
    0x0801e2e0   0x000001b0   Code   RO         5005    i.PrintPbHeader     pb.o
    0x0801e490   0x00000284   Code   RO         5087    i.PrintPbItem       pbbuffer.o
    0x0801e714   0x000000f4   Code   RO         4622    i.PrintPbKp         kp.o
    0x0801e808   0x000000d8   Code   RO         3767    i.PrintPbTrailer    general.o
    0x0801e8e0   0x00000048   Code   RO         5974    i.PrintPbtReport    report.o
    0x0801e928   0x000000a8   Code   RO         5975    i.PrintPlu          report.o
    0x0801e9d0   0x00000054   Code   RO         5976    i.PrintPluReport    report.o
    0x0801ea24   0x00000084   Code   RO         5977    i.PrintPoRa         report.o
    0x0801eaa8   0x00000040   Code   RO         5978    i.PrintPoRaReport   report.o
    0x0801eae8   0x00000130   Code   RO         5979    i.PrintPointReport  report.o
    0x0801ec18   0x00000124   Code   RO         5887    i.PrintPointType    report2.o
    0x0801ed3c   0x00000014   Code   RO         5300    i.PrintQty          print.o
    0x0801ed50   0x00000674   Code   RO         5301    i.PrintQtyAmt       print.o
    0x0801f3c4   0x000000f8   Code   RO         5302    i.PrintRJ           print.o
    0x0801f4bc   0x00000044   Code   RO         5980    i.PrintRange        report.o
    0x0801f500   0x000003b8   Code   RO         5303    i.PrintRegiInfo     print.o
    0x0801f8b8   0x000006a4   Code   RO         5981    i.PrintReport       report.o
    0x0801ff5c   0x00000108   Code   RO         5888    i.PrintReportHeader  report2.o
    0x08020064   0x0000009c   Code   RO         5982    i.PrintReportType   report.o
    0x08020100   0x00000068   Code   RO         3768    i.PrintSaleQty      general.o
    0x08020168   0x00000104   Code   RO         5304    i.PrintSaveStr      print.o
    0x0802026c   0x0000015c   Code   RO         3261    i.PrintSetupMenu    firmkey.o
    0x080203c8   0x00000170   Code   RO         5305    i.PrintSlip         print.o
    0x08020538   0x00000124   Code   RO         5306    i.PrintSlipPage     print.o
    0x0802065c   0x00000012   Code   RO         5307    i.PrintStr          print.o
    0x0802066e   0x00000002   PAD
    0x08020670   0x000000a8   Code   RO         2632    i.PrintStr_Center   extmodules.o
    0x08020718   0x00000148   Code   RO         5983    i.PrintTax          report.o
    0x08020860   0x00000040   Code   RO         5984    i.PrintTaxReport    report.o
    0x080208a0   0x00000040   Code   RO         5985    i.PrintTendReport   report.o
    0x080208e0   0x00000084   Code   RO         5986    i.PrintTender       report.o
    0x08020964   0x0000063c   Code   RO         3769    i.PrintTotal        general.o
    0x08020fa0   0x00000108   Code   RO         4217    i.PrintVersion      hardtest.o
    0x080210a8   0x00000290   Code   RO         4808    i.PrintXZMenu       menu.o
    0x08021338   0x000000f8   Code   RO         6404    i.Print_Download_Image  print_main.o
    0x08021430   0x00000074   Code   RO         6406    i.Print_Initial     print_main.o
    0x080214a4   0x00000010   Code   RO         6407    i.PrnTemperature    print_main.o
    0x080214b4   0x000001d0   Code   RO         6408    i.Prn_CalcHotTime   print_main.o
    0x08021684   0x00000044   Code   RO         6409    i.Prn_task00_Stop   print_main.o
    0x080216c8   0x000000bc   Code   RO         6410    i.Prn_task01_Start  print_main.o
    0x08021784   0x000000f0   Code   RO         6411    i.Prn_task02_PrintChar  print_main.o
    0x08021874   0x0000007c   Code   RO         6412    i.Prn_task03_PrintGraphic  print_main.o
    0x080218f0   0x000000f8   Code   RO         6413    i.Prn_task04_FeedPaper  print_main.o
    0x080219e8   0x00000058   Code   RO         6414    i.Prn_task05_FeedHalf  print_main.o
    0x08021a40   0x00000c68   Code   RO         1904    i.ProBuf            buffer.o
    0x080226a8   0x00000568   Code   RO         1905    i.ProcessBuffer     buffer.o
    0x08022c10   0x00000f24   Code   RO         2420    i.ProcessDept       depart.o
    0x08023b34   0x00000250   Code   RO         1906    i.ProcessDeptRecord  buffer.o
    0x08023d84   0x000000d4   Code   RO         3365    i.ProcessFuncLook   fixed.o
    0x08023e58   0x00000194   Code   RO         4693    i.ProcessFunctions  main.o
    0x08023fec   0x000004a0   Code   RO         4694    i.ProcessKey        main.o
    0x0802448c   0x0000012c   Code   RO         3366    i.ProcessKeyMacro   fixed.o
    0x080245b8   0x000003b0   Code   RO         5131    i.ProcessOnePlu     plu.o
    0x08024968   0x00000544   Code   RO         5088    i.ProcessPbBuffer   pbbuffer.o
    0x08024eac   0x000001f0   Code   RO         5132    i.ProcessPlu        plu.o
    0x0802509c   0x000018c0   Code   RO         2244    i.ProcessRecord     computer.o
    0x0802695c   0x000000c8   Code   RO         5889    i.ProcessXFunc      report2.o
    0x08026a24   0x000000ec   Code   RO         5890    i.ProcessZFunc      report2.o
    0x08026b10   0x00000100   Code   RO         5517    i.ProgBalance       program.o
    0x08026c10   0x0000007c   Code   RO         5518    i.ProgBarcodeReader  program.o
    0x08026c8c   0x00000130   Code   RO         5519    i.ProgClerk         program.o
    0x08026dbc   0x000000c4   Code   RO         5520    i.ProgCorrec        program.o
    0x08026e80   0x00000150   Code   RO         5521    i.ProgCurr          program.o
    0x08026fd0   0x000002c0   Code   RO         5522    i.ProgDEPTFields    program.o
    0x08027290   0x00000230   Code   RO         5523    i.ProgDate          program.o
    0x080274c0   0x00000208   Code   RO         5524    i.ProgDept          program.o
    0x080276c8   0x0000011c   Code   RO         5525    i.ProgDevice        program.o
    0x080277e4   0x00000230   Code   RO         5526    i.ProgDisc          program.o
    0x08027a14   0x000000c4   Code   RO         5527    i.ProgDraw          program.o
    0x08027ad8   0x00000284   Code   RO         4333    i.ProgECRVIPPoints  iccard.o
    0x08027d5c   0x000000f4   Code   RO         5528    i.ProgExtPrinter    program.o
    0x08027e50   0x000000e8   Code   RO         5529    i.ProgGroup         program.o
    0x08027f38   0x00000164   Code   RO         5530    i.ProgHeader        program.o
    0x0802809c   0x00000058   Code   RO         5531    i.ProgHost          program.o
    0x080280f4   0x0000027c   Code   RO         5532    i.ProgIC            program.o
    0x08028370   0x0000023c   Code   RO         5534    i.ProgIP            program.o
    0x080285ac   0x000001a0   Code   RO         5535    i.ProgKPrn          program.o
    0x0802874c   0x00000160   Code   RO         5536    i.ProgKeyMacro      program.o
    0x080288ac   0x000000cc   Code   RO         5537    i.ProgModi          program.o
    0x08028978   0x00000108   Code   RO         5539    i.ProgNewVIP        program.o
    0x08028a80   0x00000208   Code   RO         5540    i.ProgOFF           program.o
    0x08028c88   0x00000358   Code   RO         5541    i.ProgPLUFields     program.o
    0x08028fe0   0x00000128   Code   RO         5542    i.ProgPbF           program.o
    0x08029108   0x00000128   Code   RO         5543    i.ProgPbInfo        program.o
    0x08029230   0x000001f0   Code   RO         5544    i.ProgPlu           program.o
    0x08029420   0x00000108   Code   RO         5545    i.ProgPoRa          program.o
    0x08029528   0x00000148   Code   RO         5546    i.ProgPointType     program.o
    0x08029670   0x00000160   Code   RO         5547    i.ProgPrnGraph      program.o
    0x080297d0   0x000001b8   Code   RO         5548    i.ProgPromotion     program.o
    0x08029988   0x0000013c   Code   RO         5549    i.ProgReport        program.o
    0x08029ac4   0x00000002   Code   RO         5550    i.ProgSalPer        program.o
    0x08029ac6   0x00000002   PAD
    0x08029ac8   0x000001cc   Code   RO         5551    i.ProgSlip          program.o
    0x08029c94   0x000000c8   Code   RO         5552    i.ProgSlipHead      program.o
    0x08029d5c   0x000002ec   Code   RO         5553    i.ProgSysFlag       program.o
    0x0802a048   0x000000a0   Code   RO         5554    i.ProgSysMes        program.o
    0x0802a0e8   0x00000110   Code   RO         5555    i.ProgTax           program.o
    0x0802a1f8   0x00000124   Code   RO         5556    i.ProgTend          program.o
    0x0802a31c   0x0000010c   Code   RO         5557    i.ProgTime          program.o
    0x0802a428   0x00000164   Code   RO         5558    i.ProgTrailer       program.o
    0x0802a58c   0x000000c8   Code   RO         5559    i.ProgZone          program.o
    0x0802a654   0x000001c0   Code   RO         5432    i.ProgramDump       progdump.o
    0x0802a814   0x0000005c   Code   RO         3770    i.PromotionBeep     general.o
    0x0802a870   0x00000144   Code   RO         3771    i.PromtionCheck     general.o
    0x0802a9b4   0x000000d4   Code   RO         1499    i.PutsO             led_customer.o
    0x0802aa88   0x00000014   Code   RO         1500    i.PutsO_Saved       led_customer.o
    0x0802aa9c   0x00000018   Code   RO         8703    i.RCC_ADCCLKConfig  stm32f10x_rcc.o
    0x0802aab4   0x00000020   Code   RO         8704    i.RCC_AHBPeriphClockCmd  stm32f10x_rcc.o
    0x0802aad4   0x00000020   Code   RO         8705    i.RCC_APB1PeriphClockCmd  stm32f10x_rcc.o
    0x0802aaf4   0x00000020   Code   RO         8707    i.RCC_APB2PeriphClockCmd  stm32f10x_rcc.o
    0x0802ab14   0x00000014   Code   RO         8711    i.RCC_ClearFlag     stm32f10x_rcc.o
    0x0802ab28   0x000000d4   Code   RO         8715    i.RCC_GetClocksFreq  stm32f10x_rcc.o
    0x0802abfc   0x0000003c   Code   RO         8716    i.RCC_GetFlagStatus  stm32f10x_rcc.o
    0x0802ac38   0x00000034   Code   RO         8723    i.RCC_LSEConfig     stm32f10x_rcc.o
    0x0802ac6c   0x0000000c   Code   RO         8730    i.RCC_RTCCLKCmd     stm32f10x_rcc.o
    0x0802ac78   0x00000010   Code   RO         8731    i.RCC_RTCCLKConfig  stm32f10x_rcc.o
    0x0802ac88   0x0000000c   Code   RO         8733    i.RCC_USBCLKConfig  stm32f10x_rcc.o
    0x0802ac94   0x0000001e   Code   RO         2634    i.RFeed             extmodules.o
    0x0802acb2   0x00000002   PAD
    0x0802acb4   0x00000444   Code   RO         6415    i.RSPrint           print_main.o
    0x0802b0f8   0x00000014   Code   RO         8905    i.RTC_EnterConfigMode  stm32f10x_rtc.o
    0x0802b10c   0x00000014   Code   RO         8906    i.RTC_ExitConfigMode  stm32f10x_rtc.o
    0x0802b120   0x0000002c   Code   RO         8907    i.RTC_GetCounter    stm32f10x_rtc.o
    0x0802b14c   0x00000020   Code   RO         8911    i.RTC_ITConfig      stm32f10x_rtc.o
    0x0802b16c   0x0000001c   Code   RO         8913    i.RTC_SetCounter    stm32f10x_rtc.o
    0x0802b188   0x00000020   Code   RO         8914    i.RTC_SetPrescaler  stm32f10x_rtc.o
    0x0802b1a8   0x00000014   Code   RO         8915    i.RTC_WaitForLastTask  stm32f10x_rtc.o
    0x0802b1bc   0x00000024   Code   RO         8916    i.RTC_WaitForSynchro  stm32f10x_rtc.o
    0x0802b1e0   0x00000058   Code   RO         4218    i.RWRand            hardtest.o
    0x0802b238   0x00000084   Code   RO         2211    i.ReadClerk         clerk.o
    0x0802b2bc   0x00000034   Code   RO         2635    i.ReadComm          extmodules.o
    0x0802b2f0   0x0000002c   Code   RO         2331    i.ReadCorrec        correc.o
    0x0802b31c   0x0000001c   Code   RO         2378    i.ReadCurr          currency.o
    0x0802b338   0x00000084   Code   RO         2421    i.ReadDept          depart.o
    0x0802b3bc   0x0000002c   Code   RO         2470    i.ReadDisc          discount.o
    0x0802b3e8   0x0000001c   Code   RO         2518    i.ReadDrawer        drawer.o
    0x0802b404   0x00000074   Code   RO         4334    i.ReadECRVIPVar     iccard.o
    0x0802b478   0x00000118   Code   RO         2636    i.ReadFlagsList     extmodules.o
    0x0802b590   0x00000044   Code   RO         3447    i.ReadFrLogRam      flowbill.o
    0x0802b5d4   0x0000003c   Code   RO         4809    i.ReadFromMsg       menu.o
    0x0802b610   0x00000030   Code   RO         2637    i.ReadFuncLook      extmodules.o
    0x0802b640   0x00000050   Code   RO         2638    i.ReadGraphic       extmodules.o
    0x0802b690   0x0000002c   Code   RO         4184    i.ReadGroup         group.o
    0x0802b6bc   0x00000020   Code   RO         2639    i.ReadHeader        extmodules.o
    0x0802b6dc   0x00000014   Code   RO         4402    i.ReadICBlock       iccardblock.o
    0x0802b6f0   0x0000012c   Code   RO         4810    i.ReadItemCaption   menu.o
    0x0802b81c   0x00000030   Code   RO         4623    i.ReadKP            kp.o
    0x0802b84c   0x00000024   Code   RO         2640    i.ReadKeyDesList    extmodules.o
    0x0802b870   0x00000024   Code   RO         2641    i.ReadKeyMacro      extmodules.o
    0x0802b894   0x00000028   Code   RO         4932    i.ReadModi          modifier.o
    0x0802b8bc   0x00000028   Code   RO         2642    i.ReadNumric        extmodules.o
    0x0802b8e4   0x000000a8   Code   RO         4963    i.ReadOFFPrice      offprice.o
    0x0802b98c   0x00000014   Code   RO         5006    i.ReadPBTable       pb.o
    0x0802b9a0   0x0000001c   Code   RO         5007    i.ReadPbF           pb.o
    0x0802b9bc   0x000002d0   Code   RO         5133    i.ReadPlu           plu.o
    0x0802bc8c   0x00000028   Code   RO         5134    i.ReadPluStock      plu.o
    0x0802bcb4   0x0000001c   Code   RO         5227    i.ReadPoRa          pora.o
    0x0802bcd0   0x00000034   Code   RO         5262    i.ReadPort          port.o
    0x0802bd04   0x00000024   Code   RO          284    i.ReadRam           interface.o
    0x0802bd28   0x0000000c   Code   RO         4811    i.ReadRecIndex      menu.o
    0x0802bd34   0x000000f8   Code   RO         2245    i.ReadRecord        computer.o
    0x0802be2c   0x00000020   Code   RO         2643    i.ReadRepUnit       extmodules.o
    0x0802be4c   0x00000002   Code   RO         6180    i.ReadSalPer        salper.o
    0x0802be4e   0x00000002   PAD
    0x0802be50   0x00000020   Code   RO         2644    i.ReadSlipHeader    extmodules.o
    0x0802be70   0x0000003c   Code   RO         6227    i.ReadTax           tax.o
    0x0802beac   0x0000002c   Code   RO         6283    i.ReadTender        tender.o
    0x0802bed8   0x0000012c   Code   RO         3772    i.ReadTotal         general.o
    0x0802c004   0x00000020   Code   RO         2645    i.ReadTrail         extmodules.o
    0x0802c024   0x00000010   Code   RO        10239    i.ReadUSB           usb_endp.o
    0x0802c034   0x000000cc   Code   RO         2246    i.ReadUSBRecord     computer.o
    0x0802c100   0x00000020   Code   RO         2646    i.ReadXZReport      extmodules.o
    0x0802c120   0x00000058   Code   RO         2647    i.ReadZone          extmodules.o
    0x0802c178   0x000000dc   Code   RO         3448    i.Read_Flow         flowbill.o
    0x0802c254   0x00000048   Code   RO         4335    i.RecallECRVIP      iccard.o
    0x0802c29c   0x00000118   Code   RO         3449    i.RecallFlowHead    flowbill.o
    0x0802c3b4   0x00000088   Code   RO         1974    i.RecallScreen      chndisp.o
    0x0802c43c   0x00000094   Code   RO         4462    i.Recall_ApplRam    initappl.o
    0x0802c4d0   0x00000098   Code   RO         4463    i.Recall_Config     initappl.o
    0x0802c568   0x00000334   Code   RO         5308    i.ReceiptIssue      print.o
    0x0802c89c   0x000001b8   Code   RO         3450    i.Receipt_Data      flowbill.o
    0x0802ca54   0x000000c0   Code   RO         3773    i.RegiEnd           general.o
    0x0802cb14   0x0000017c   Code   RO         3774    i.RegiInit          general.o
    0x0802cc90   0x00000190   Code   RO         3775    i.RegiStart         general.o
    0x0802ce20   0x00000030   Code   RO         5309    i.ReleaseSlip       print.o
    0x0802ce50   0x00000200   Code   RO         5891    i.ReportEnd         report2.o
    0x0802d050   0x00000014   Code   RO         3451    i.ResetECRFlow      flowbill.o
    0x0802d064   0x00000044   Code   RO         5987    i.ResetReport       report.o
    0x0802d0a8   0x00000098   Code   RO         4464    i.ResetStartAddress  initappl.o
    0x0802d140   0x00000002   Code   RO         6416    i.Reset_printer     print_main.o
    0x0802d142   0x00000002   PAD
    0x0802d144   0x0000005c   Code   RO         6417    i.Restart_Motor     print_main.o
    0x0802d1a0   0x000000d0   Code   RO        10107    i.Resume            usb_pwr.o
    0x0802d270   0x00000024   Code   RO        10108    i.Resume_Init       usb_pwr.o
    0x0802d294   0x00000130   Code   RO         2648    i.RoundBcd          extmodules.o
    0x0802d3c4   0x00000016   Code   RO         6228    i.RoundTaxable      tax.o
    0x0802d3da   0x00000002   PAD
    0x0802d3dc   0x00000160   Code   RO         1192    i.SDEnWideBus       sdio_sd.o
    0x0802d53c   0x0000000c   Code   RO         8994    i.SDIO_ClearFlag    stm32f10x_sdio.o
    0x0802d548   0x0000000c   Code   RO         8995    i.SDIO_ClearITPendingBit  stm32f10x_sdio.o
    0x0802d554   0x0000000c   Code   RO         8996    i.SDIO_ClockCmd     stm32f10x_sdio.o
    0x0802d560   0x00000030   Code   RO         9000    i.SDIO_DataConfig   stm32f10x_sdio.o
    0x0802d590   0x00000024   Code   RO         9002    i.SDIO_DeInit       stm32f10x_sdio.o
    0x0802d5b4   0x0000000c   Code   RO         9003    i.SDIO_GetCommandResponse  stm32f10x_sdio.o
    0x0802d5c0   0x00000018   Code   RO         9006    i.SDIO_GetFlagStatus  stm32f10x_sdio.o
    0x0802d5d8   0x00000010   Code   RO         9008    i.SDIO_GetPowerState  stm32f10x_sdio.o
    0x0802d5e8   0x00000018   Code   RO         9009    i.SDIO_GetResponse  stm32f10x_sdio.o
    0x0802d600   0x00000008   Code   RO          933    i.SDIO_IRQHandler   stm32f10x_it.o
    0x0802d608   0x00000020   Code   RO         9010    i.SDIO_ITConfig     stm32f10x_sdio.o
    0x0802d628   0x00000030   Code   RO         9011    i.SDIO_Init         stm32f10x_sdio.o
    0x0802d658   0x0000000c   Code   RO         9012    i.SDIO_ReadData     stm32f10x_sdio.o
    0x0802d664   0x0000002c   Code   RO         9014    i.SDIO_SendCommand  stm32f10x_sdio.o
    0x0802d690   0x0000000c   Code   RO         9016    i.SDIO_SetPowerState  stm32f10x_sdio.o
    0x0802d69c   0x000000b4   Code   RO         1195    i.SD_EnableWideBusOperation  sdio_sd.o
    0x0802d750   0x00000324   Code   RO         1197    i.SD_GetCardInfo    sdio_sd.o
    0x0802da74   0x00000090   Code   RO         1203    i.SD_Init           sdio_sd.o
    0x0802db04   0x00000168   Code   RO         1204    i.SD_InitializeCards  sdio_sd.o
    0x0802dc6c   0x00000074   Code   RO         1208    i.SD_LowLevel_Init  sdio_sd.o
    0x0802dce0   0x000001b8   Code   RO         1210    i.SD_PowerON        sdio_sd.o
    0x0802de98   0x00000058   Code   RO         1211    i.SD_ProcessIRQSrc  sdio_sd.o
    0x0802def0   0x00000040   Code   RO         1214    i.SD_SelectDeselect  sdio_sd.o
    0x0802df30   0x00000018   Code   RO         9184    i.SPI_Cmd           stm32f10x_spi.o
    0x0802df48   0x00000018   Code   RO         6418    i.SPI_For_Printer   print_main.o
    0x0802df60   0x00000012   Code   RO         9192    i.SPI_I2S_GetFlagStatus  stm32f10x_spi.o
    0x0802df72   0x00000004   Code   RO         9196    i.SPI_I2S_SendData  stm32f10x_spi.o
    0x0802df76   0x0000003c   Code   RO         9197    i.SPI_Init          stm32f10x_spi.o
    0x0802dfb2   0x0000005a   Code   RO          221    i.SRAM_Move         fsmc_sram.o
    0x0802e00c   0x00000026   Code   RO          222    i.SRAM_ReadBuffer   fsmc_sram.o
    0x0802e032   0x00000026   Code   RO          223    i.SRAM_WriteBuffer  fsmc_sram.o
    0x0802e058   0x00000054   Code   RO         1566    i.ST7565R_IO_Init   lcd_st7565r.o
    0x0802e0ac   0x00000012   Code   RO         1567    i.ST7565R_NOP       lcd_st7565r.o
    0x0802e0be   0x00000002   PAD
    0x0802e0c0   0x00000058   Code   RO         1568    i.ST7565R_SendData  lcd_st7565r.o
    0x0802e118   0x00000024   Code   RO         1569    i.ST7565R_WR_CMD    lcd_st7565r.o
    0x0802e13c   0x00000024   Code   RO         1570    i.ST7565R_WR_DATA   lcd_st7565r.o
    0x0802e160   0x000000dc   Code   RO          285    i.STM32_Initial     interface.o
    0x0802e23c   0x00000020   Code   RO         3452    i.SUB_SCANFP        flowbill.o
    0x0802e25c   0x00000002   Code   RO          934    i.SVC_Handler       stm32f10x_it.o
    0x0802e25e   0x00000002   PAD
    0x0802e260   0x000000c0   Code   RO         5310    i.SavePrintStr      print.o
    0x0802e320   0x0000002c   Code   RO        10240    i.SaveToUSBQuery    usb_endp.o
    0x0802e34c   0x00000088   Code   RO         4465    i.Save_ApplRam      initappl.o
    0x0802e3d4   0x00000098   Code   RO         4466    i.Save_Config       initappl.o
    0x0802e46c   0x000000b0   Code   RO         4467    i.Save_ConfigApplVar  initappl.o
    0x0802e51c   0x0000001c   Code   RO         1975    i.ScreenFeed        chndisp.o
    0x0802e538   0x00000048   Code   RO         1976    i.ScrollScreen      chndisp.o
    0x0802e580   0x000001cc   Code   RO         2212    i.SelectClerk       clerk.o
    0x0802e74c   0x00000070   Code   RO         5560    i.SelectGraphic     program.o
    0x0802e7bc   0x000000bc   Code   RO         2649    i.SelectKeyCode     extmodules.o
    0x0802e878   0x00000002   Code   RO         6181    i.SelectSalPer      salper.o
    0x0802e87a   0x00000014   Code   RO         2653    i.SendComm          extmodules.o
    0x0802e88e   0x00000002   PAD
    0x0802e890   0x00000038   Code   RO         2247    i.SendComp          computer.o
    0x0802e8c8   0x000000f8   Code   RO         4624    i.SendExtPrinter    kp.o
    0x0802e9c0   0x00000168   Code   RO         3453    i.SendMultiLog      flowbill.o
    0x0802eb28   0x000000f8   Code   RO         2248    i.SendRecord        computer.o
    0x0802ec20   0x00000028   Code   RO         2249    i.SendString        computer.o
    0x0802ec48   0x00000010   Code   RO        10241    i.SendUSB           usb_endp.o
    0x0802ec58   0x000000f8   Code   RO         2250    i.SendUSBRecord     computer.o
    0x0802ed50   0x00000010   Code   RO        10242    i.SendUSBString     usb_endp.o
    0x0802ed60   0x00000020   Code   RO         6419    i.Send_Byte         print_main.o
    0x0802ed80   0x00000052   Code   RO         2654    i.SetBCDPoint       extmodules.o
    0x0802edd2   0x00000002   PAD
    0x0802edd4   0x00000010   Code   RO        10468    i.SetBTABLE         usb_regs.o
    0x0802ede4   0x00000044   Code   RO         2655    i.SetComm           extmodules.o
    0x0802ee28   0x00000050   Code   RO        10830    i.SetDeviceAddress  usb_core.o
    0x0802ee78   0x00000024   Code   RO        10482    i.SetEPRxAddr       usb_regs.o
    0x0802ee9c   0x0000004c   Code   RO        10483    i.SetEPRxCount      usb_regs.o
    0x0802eee8   0x00000040   Code   RO        10484    i.SetEPRxStatus     usb_regs.o
    0x0802ef28   0x00000034   Code   RO        10485    i.SetEPRxValid      usb_regs.o
    0x0802ef5c   0x00000020   Code   RO        10486    i.SetEPTxAddr       usb_regs.o
    0x0802ef7c   0x0000001c   Code   RO        10487    i.SetEPTxCount      usb_regs.o
    0x0802ef98   0x00000040   Code   RO        10488    i.SetEPTxStatus     usb_regs.o
    0x0802efd8   0x00000034   Code   RO        10489    i.SetEPTxValid      usb_regs.o
    0x0802f00c   0x00000024   Code   RO        10490    i.SetEPType         usb_regs.o
    0x0802f030   0x0000007c   Code   RO         2124    i.SetEditPosition   chninput.o
    0x0802f0ac   0x00000098   Code   RO         6421    i.SetFontOffset_char  print_main.o
    0x0802f144   0x00000270   Code   RO         2656    i.SetKeyboard       extmodules.o
    0x0802f3b4   0x0000020c   Code   RO         2657    i.SetPassword       extmodules.o
    0x0802f5c0   0x00000074   Code   RO         1907    i.SetPrintLayOut    buffer.o
    0x0802f634   0x0000002c   Code   RO          286    i.SetRTS            interface.o
    0x0802f660   0x0000000a   Code   RO         4812    i.SetRecIndex       menu.o
    0x0802f66a   0x00000008   Code   RO         7086    i.SetSysClock       system_stm32f10x.o
    0x0802f672   0x00000002   PAD
    0x0802f674   0x000000e0   Code   RO         7087    i.SetSysClockTo72   system_stm32f10x.o
    0x0802f754   0x00000084   Code   RO         2658    i.SetTimeDate       extmodules.o
    0x0802f7d8   0x000000fc   Code   RO         5892    i.SetUpReport       report2.o
    0x0802f8d4   0x00000020   Code   RO         6422    i.Set_HotPIN        print_main.o
    0x0802f8f4   0x0000004c   Code   RO         6423    i.Set_Hot_Data      print_main.o
    0x0802f940   0x00000024   Code   RO         6424    i.Set_Hot_Group     print_main.o
    0x0802f964   0x00000012   Code   RO         6425    i.Set_Motor_Speed   print_main.o
    0x0802f976   0x00000002   PAD
    0x0802f978   0x00000028   Code   RO        10154    i.Set_System        hw_config.o
    0x0802f9a0   0x00000012   Code   RO        10155    i.Set_USBClock      hw_config.o
    0x0802f9b2   0x00000002   PAD
    0x0802f9b4   0x000000b8   Code   RO        10831    i.Setup0_Process    usb_core.o
    0x0802fa6c   0x00000028   Code   RO         5311    i.SlipMargin        print.o
    0x0802fa94   0x0000016c   Code   RO        10832    i.Standard_ClearFeature  usb_core.o
    0x0802fc00   0x0000002c   Code   RO        10833    i.Standard_GetConfiguration  usb_core.o
    0x0802fc2c   0x00000024   Code   RO        10834    i.Standard_GetDescriptorData  usb_core.o
    0x0802fc50   0x0000002c   Code   RO        10835    i.Standard_GetInterface  usb_core.o
    0x0802fc7c   0x00000100   Code   RO        10836    i.Standard_GetStatus  usb_core.o
    0x0802fd7c   0x00000048   Code   RO        10837    i.Standard_SetConfiguration  usb_core.o
    0x0802fdc4   0x00000028   Code   RO        10838    i.Standard_SetDeviceFeature  usb_core.o
    0x0802fdec   0x000000d0   Code   RO        10839    i.Standard_SetEndPointFeature  usb_core.o
    0x0802febc   0x0000006c   Code   RO        10840    i.Standard_SetInterface  usb_core.o
    0x0802ff28   0x00000080   Code   RO         6426    i.Start_Hot         print_main.o
    0x0802ffa8   0x0000008c   Code   RO         6427    i.Start_Motor       print_main.o
    0x08030034   0x000000b4   Code   RO         6428    i.Start_When_Ready  print_main.o
    0x080300e8   0x00000020   Code   RO         6429    i.Stop_Motor        print_main.o
    0x08030108   0x000004e4   Code   RO         1908    i.StoreInBuffer     buffer.o
    0x080305ec   0x00000100   Code   RO         5089    i.StorePbBuffer     pbbuffer.o
    0x080306ec   0x0000025c   Code   RO         5008    i.StorePbInvoice    pb.o
    0x08030948   0x0000008a   Code   RO         2659    i.StrToBCDValue     extmodules.o
    0x080309d2   0x00000002   PAD
    0x080309d4   0x00000080   Code   RO         2660    i.SubBCDValue12     extmodules.o
    0x08030a54   0x00000184   Code   RO         2661    i.Subtract          extmodules.o
    0x08030bd8   0x000000b0   Code   RO        10109    i.Suspend           usb_pwr.o
    0x08030c88   0x000000a0   Code   RO         3262    i.SuspendECR        firmkey.o
    0x08030d28   0x000002d4   Code   RO         3367    i.SuspendReceipt    fixed.o
    0x08030ffc   0x000000c0   Code   RO         1977    i.SuspendScreen     chndisp.o
    0x080310bc   0x0000005c   Code   RO         6430    i.Suspend_Motor     print_main.o
    0x08031118   0x00000088   Code   RO          935    i.SysTick_Handler   stm32f10x_it.o
    0x080311a0   0x00000060   Code   RO         7089    i.SystemInit        system_stm32f10x.o
    0x08031200   0x00000030   Code   RO         6432    i.TESTPAPER         print_main.o
    0x08031230   0x000001b8   Code   RO         6433    i.TIM2_IRQHandler   print_main.o
    0x080313e8   0x00000094   Code   RO         6434    i.TIM3_IRQHandler   print_main.o
    0x0803147c   0x0000007c   Code   RO          287    i.TIM5_Init         interface.o
    0x080314f8   0x000000b0   Code   RO         1502    i.TIM6_IRQHandler   led_customer.o
    0x080315a8   0x00000080   Code   RO          288    i.TIM6_Init         interface.o
    0x08031628   0x0000009c   Code   RO          607    i.TIM7_IRQHandler   keyboard.o
    0x080316c4   0x00000078   Code   RO          289    i.TIM7_Init         interface.o
    0x0803173c   0x00000018   Code   RO         9327    i.TIM_ARRPreloadConfig  stm32f10x_tim.o
    0x08031754   0x00000006   Code   RO         9333    i.TIM_ClearFlag     stm32f10x_tim.o
    0x0803175a   0x00000006   Code   RO         9334    i.TIM_ClearITPendingBit  stm32f10x_tim.o
    0x08031760   0x00000018   Code   RO         9339    i.TIM_Cmd           stm32f10x_tim.o
    0x08031778   0x00000022   Code   RO         9360    i.TIM_GetITStatus   stm32f10x_tim.o
    0x0803179a   0x00000012   Code   RO         9364    i.TIM_ITConfig      stm32f10x_tim.o
    0x080317ac   0x00000098   Code   RO         9368    i.TIM_OC1Init       stm32f10x_tim.o
    0x08031844   0x00000014   Code   RO         9386    i.TIM_OCStructInit  stm32f10x_tim.o
    0x08031858   0x00000006   Code   RO         9388    i.TIM_PrescalerConfig  stm32f10x_tim.o
    0x0803185e   0x00000012   Code   RO         9395    i.TIM_SelectOnePulseMode  stm32f10x_tim.o
    0x08031870   0x000000a4   Code   RO         9410    i.TIM_TimeBaseInit  stm32f10x_tim.o
    0x08031914   0x00000d9c   Code   RO         6284    i.Tender            tender.o
    0x080326b0   0x00000058   Code   RO         4219    i.TestBEEP          hardtest.o
    0x08032708   0x000000b8   Code   RO         4695    i.TestChangePointMust  main.o
    0x080327c0   0x00000034   Code   RO         2662    i.TestCom123        extmodules.o
    0x080327f4   0x00000044   Code   RO         4220    i.TestCustomer      hardtest.o
    0x08032838   0x00000090   Code   RO         4221    i.TestDateTime      hardtest.o
    0x080328c8   0x0000003c   Code   RO         4222    i.TestDisplay       hardtest.o
    0x08032904   0x00000002   Code   RO         4223    i.TestFlashBWrite   hardtest.o
    0x08032906   0x00000006   Code   RO         1978    i.TestHZRight       chndisp.o
    0x0803290c   0x0000005c   Code   RO         4224    i.TestKeyboard      hardtest.o
    0x08032968   0x00000050   Code   RO          290    i.TestLMM           interface.o
    0x080329b8   0x00000168   Code   RO         4225    i.TestOpenDrawer    hardtest.o
    0x08032b20   0x0000004c   Code   RO         6435    i.TestPrintGoingOn  print_main.o
    0x08032b6c   0x000001d8   Code   RO         4226    i.TestPrinter       hardtest.o
    0x08032d44   0x00000002   Code   RO         4227    i.TestPrnPower      hardtest.o
    0x08032d46   0x00000006   Code   RO          291    i.TestRam           interface.o
    0x08032d4c   0x00000310   Code   RO         4228    i.TestRomRam        hardtest.o
    0x0803305c   0x0000009c   Code   RO         2664    i.TestRtc           extmodules.o
    0x080330f8   0x00000110   Code   RO         3942    i.TestSendMess      gprs.o
    0x08033208   0x000000f0   Code   RO         4229    i.TestSerial123     hardtest.o
    0x080332f8   0x00000354   Code   RO         2332    i.TransactionVoid   correc.o
    0x0803364c   0x000000bc   Code   RO         1097    i.UARTGet           usart.o
    0x08033708   0x00000284   Code   RO         1098    i.UARTInit          usart.o
    0x0803398c   0x00000078   Code   RO         1099    i.UARTSend          usart.o
    0x08033a04   0x00000018   Code   RO         1101    i.UART_GetChar      usart.o
    0x08033a1c   0x0000000e   Code   RO         1103    i.UART_PutChar      usart.o
    0x08033a2a   0x00000016   Code   RO         1104    i.UART_PutString    usart.o
    0x08033a40   0x00000062   Code   RO         2665    i.ULong64toASC      extmodules.o
    0x08033aa2   0x00000044   Code   RO         2666    i.ULongToBCDValue   extmodules.o
    0x08033ae6   0x00000036   Code   RO         2667    i.ULongtoASC        extmodules.o
    0x08033b1c   0x00000050   Code   RO         2668    i.ULongtoASCL       extmodules.o
    0x08033b6c   0x000000d0   Code   RO          936    i.USART1_IRQHandler  stm32f10x_it.o
    0x08033c3c   0x000000f0   Code   RO          937    i.USART2_IRQHandler  stm32f10x_it.o
    0x08033d2c   0x000000f0   Code   RO          938    i.USART3_IRQHandler  stm32f10x_it.o
    0x08033e1c   0x00000018   Code   RO         9875    i.USART_Cmd         stm32f10x_usart.o
    0x08033e34   0x0000001a   Code   RO         9878    i.USART_GetFlagStatus  stm32f10x_usart.o
    0x08033e4e   0x00000054   Code   RO         9879    i.USART_GetITStatus  stm32f10x_usart.o
    0x08033ea2   0x0000004a   Code   RO         9881    i.USART_ITConfig    stm32f10x_usart.o
    0x08033eec   0x000000d8   Code   RO         9882    i.USART_Init        stm32f10x_usart.o
    0x08033fc4   0x00000016   Code   RO         9888    i.USART_OverSampling8Cmd  stm32f10x_usart.o
    0x08033fda   0x0000000a   Code   RO         9889    i.USART_ReceiveData  stm32f10x_usart.o
    0x08033fe4   0x00000008   Code   RO         9892    i.USART_SendData    stm32f10x_usart.o
    0x08033fec   0x00000028   Code   RO         1105    i.USART_printf      usart.o
    0x08034014   0x0000005c   Code   RO        10243    i.USBGet            usb_endp.o
    0x08034070   0x0000000c   Code   RO          939    i.USBWakeUp_IRQHandler  stm32f10x_it.o
    0x0803407c   0x00000028   Code   RO         1781    i.USB_COMM_Ready    usb_app.o
    0x080340a4   0x00000002   Code   RO        10156    i.USB_Cable_Config  hw_config.o
    0x080340a6   0x00000002   PAD
    0x080340a8   0x0000003c   Code   RO        10941    i.USB_Init          usb_init.o
    0x080340e4   0x0000003c   Code   RO        10157    i.USB_Interrupts_Config  hw_config.o
    0x08034120   0x000001cc   Code   RO        10319    i.USB_Istr          usb_istr.o
    0x080342ec   0x00000008   Code   RO          940    i.USB_LP_CAN1_RX0_IRQHandler  stm32f10x_it.o
    0x080342f4   0x00000024   Code   RO        10798    i.USB_SIL_Init      usb_sil.o
    0x08034318   0x00000014   Code   RO         1783    i.USB_Start         usb_app.o
    0x0803432c   0x000006f4   Code   RO         1761    i.UpdateBIOS        ecr_iap.o
    0x08034a20   0x000002f8   Code   RO         5090    i.UpdatePbRecord    pbbuffer.o
    0x08034d18   0x00000004   Code   RO          941    i.UsageFault_Handler  stm32f10x_it.o
    0x08034d1c   0x00000038   Code   RO        10995    i.UserToPMABufferCopy  usb_mem.o
    0x08034d54   0x00000038   Code   RO         4814    i.VirtualInputStr   menu.o
    0x08034d8c   0x00000034   Code   RO         4815    i.VirtualInputWord  menu.o
    0x08034dc0   0x00000064   Code   RO        10337    i.Virtual_Com_Port_Data_Setup  usb_prop.o
    0x08034e24   0x00000014   Code   RO        10338    i.Virtual_Com_Port_GetConfigDescriptor  usb_prop.o
    0x08034e38   0x00000014   Code   RO        10339    i.Virtual_Com_Port_GetDeviceDescriptor  usb_prop.o
    0x08034e4c   0x0000001c   Code   RO        10340    i.Virtual_Com_Port_GetLineCoding  usb_prop.o
    0x08034e68   0x00000028   Code   RO        10341    i.Virtual_Com_Port_GetStringDescriptor  usb_prop.o
    0x08034e90   0x00000016   Code   RO        10342    i.Virtual_Com_Port_Get_Interface_Setting  usb_prop.o
    0x08034ea6   0x00000002   PAD
    0x08034ea8   0x00000028   Code   RO        10343    i.Virtual_Com_Port_NoData_Setup  usb_prop.o
    0x08034ed0   0x000000e8   Code   RO        10344    i.Virtual_Com_Port_Reset  usb_prop.o
    0x08034fb8   0x00000018   Code   RO        10345    i.Virtual_Com_Port_SetConfiguration  usb_prop.o
    0x08034fd0   0x0000000c   Code   RO        10346    i.Virtual_Com_Port_SetDeviceAddress  usb_prop.o
    0x08034fdc   0x0000001c   Code   RO        10347    i.Virtual_Com_Port_SetLineCoding  usb_prop.o
    0x08034ff8   0x00000014   Code   RO        10348    i.Virtual_Com_Port_Status_In  usb_prop.o
    0x0803500c   0x00000002   Code   RO        10349    i.Virtual_Com_Port_Status_Out  usb_prop.o
    0x0803500e   0x00000002   PAD
    0x08035010   0x00000028   Code   RO        10350    i.Virtual_Com_Port_init  usb_prop.o
    0x08035038   0x00000036   Code   RO         2669    i.WORDtoASC         extmodules.o
    0x0803506e   0x00000068   Code   RO         2670    i.WORDtoASCL        extmodules.o
    0x080350d6   0x0000002c   Code   RO         2671    i.WORDtoASCZero     extmodules.o
    0x08035102   0x0000006a   Code   RO         2672    i.WORDtoBCD         extmodules.o
    0x0803516c   0x00000158   Code   RO         2673    i.WaitForYesNo      extmodules.o
    0x080352c4   0x00000018   Code   RO         2674    i.WaitOnLine        extmodules.o
    0x080352dc   0x00000078   Code   RO         6436    i.Wait_Paper        print_main.o
    0x08035354   0x0000002c   Code   RO         2675    i.WidthofWORD       extmodules.o
    0x08035380   0x00000040   Code   RO         2213    i.WriteClerk        clerk.o
    0x080353c0   0x0000002c   Code   RO         2333    i.WriteCorrec       correc.o
    0x080353ec   0x0000002c   Code   RO         2379    i.WriteCurr         currency.o
    0x08035418   0x00000088   Code   RO         2422    i.WriteDept         depart.o
    0x080354a0   0x0000002c   Code   RO         2471    i.WriteDisc         discount.o
    0x080354cc   0x0000002c   Code   RO         2519    i.WriteDrawer       drawer.o
    0x080354f8   0x0000005c   Code   RO         4336    i.WriteECRVIPVar    iccard.o
    0x08035554   0x0000002c   Code   RO         4185    i.WriteGroup        group.o
    0x08035580   0x00000028   Code   RO         4403    i.WriteICBlock      iccardblock.o
    0x080355a8   0x0000002c   Code   RO         4933    i.WriteModi         modifier.o
    0x080355d4   0x000000a8   Code   RO         4964    i.WriteOFFPrice     offprice.o
    0x0803567c   0x0000002c   Code   RO         5009    i.WritePbF          pb.o
    0x080356a8   0x000000d0   Code   RO         5135    i.WritePlu          plu.o
    0x08035778   0x00000040   Code   RO         5136    i.WritePluInventory  plu.o
    0x080357b8   0x000000f8   Code   RO         5137    i.WritePlu_At       plu.o
    0x080358b0   0x0000002c   Code   RO         5228    i.WritePoRa         pora.o
    0x080358dc   0x0000003c   Code   RO         5263    i.WritePort         port.o
    0x08035918   0x00000024   Code   RO          292    i.WriteRam          interface.o
    0x0803593c   0x00000002   Code   RO         6182    i.WriteSalPer       salper.o
    0x0803593e   0x00000002   PAD
    0x08035940   0x00000040   Code   RO         6229    i.WriteTax          tax.o
    0x08035980   0x0000002c   Code   RO         6285    i.WriteTender       tender.o
    0x080359ac   0x000000d0   Code   RO         3454    i.WriteToLogRam     flowbill.o
    0x08035a7c   0x00000120   Code   RO         3776    i.WriteTotal        general.o
    0x08035b9c   0x00000028   Code   RO        11250    i.__0sprintf$8      mc_w.l(printf8.o)
    0x08035bc4   0x00000024   Code   RO        11280    i.__0vsprintf       mc_w.l(printfa.o)
    0x08035be8   0x00000008   Code   RO        11327    i.__aeabi_errno_addr  mc_w.l(errno.o)
    0x08035bf0   0x0000000e   Code   RO        11389    i.__scatterload_copy  mc_w.l(handlers.o)
    0x08035bfe   0x00000002   Code   RO        11390    i.__scatterload_null  mc_w.l(handlers.o)
    0x08035c00   0x0000000e   Code   RO        11391    i.__scatterload_zeroinit  mc_w.l(handlers.o)
    0x08035c0e   0x00000002   PAD
    0x08035c10   0x00000164   Code   RO        11281    i._fp_digits        mc_w.l(printfa.o)
    0x08035d74   0x00000410   Code   RO        11255    i._printf_core      mc_w.l(printf8.o)
    0x08036184   0x000006dc   Code   RO        11282    i._printf_core      mc_w.l(printfa.o)
    0x08036860   0x00000024   Code   RO        11256    i._printf_post_padding  mc_w.l(printf8.o)
    0x08036884   0x00000024   Code   RO        11283    i._printf_post_padding  mc_w.l(printfa.o)
    0x080368a8   0x0000002e   Code   RO        11257    i._printf_pre_padding  mc_w.l(printf8.o)
    0x080368d6   0x0000002e   Code   RO        11284    i._printf_pre_padding  mc_w.l(printfa.o)
    0x08036904   0x0000000a   Code   RO        11259    i._sputc            mc_w.l(printf8.o)
    0x0803690e   0x0000000a   Code   RO        11286    i._sputc            mc_w.l(printfa.o)
    0x08036918   0x00000078   Code   RO           15    i.bFlashAutoSelect  flashb.o
    0x08036990   0x00000050   Code   RO           20    i.bFlashDataToggle  flashb.o
    0x080369e0   0x000000c4   Code   RO           21    i.bFlashMBlockErase  flashb.o
    0x08036aa4   0x00000018   Code   RO           22    i.bFlashPause       flashb.o
    0x08036abc   0x00000100   Code   RO           23    i.bFlashProgram     flashb.o
    0x08036bbc   0x0000000a   Code   RO           24    i.bFlashRead        flashb.o
    0x08036bc6   0x0000003c   Code   RO           25    i.bFlashReadBuffer  flashb.o
    0x08036c02   0x00000012   Code   RO           26    i.bFlashReadReset   flashb.o
    0x08036c14   0x00000008   Code   RO           27    i.bFlashWrite       flashb.o
    0x08036c1c   0x00000002   Code   RO         2676    i.chkAutoReceiptKey  extmodules.o
    0x08036c1e   0x00000002   PAD
    0x08036c20   0x00000268   Code   RO          608    i.keydown           keyboard.o
    0x08036e88   0x00000084   Code   RO          609    i.keyscan           keyboard.o
    0x08036f0c   0x00000098   Code   RO         1572    i.mClearScreen      lcd_st7565r.o
    0x08036fa4   0x000000f0   Code   RO         1573    i.mDispCharXY       lcd_st7565r.o
    0x08037094   0x000000c0   Code   RO         1574    i.mDispCursor       lcd_st7565r.o
    0x08037154   0x00000002   Code   RO         1575    i.mDispLogo         lcd_st7565r.o
    0x08037156   0x00000030   Code   RO         1576    i.mDispStringXY     lcd_st7565r.o
    0x08037186   0x00000002   PAD
    0x08037188   0x000001b8   Code   RO         1578    i.mDrawABox         lcd_st7565r.o
    0x08037340   0x000000a8   Code   RO         1579    i.mDrawChar         lcd_st7565r.o
    0x080373e8   0x000000d4   Code   RO         1580    i.mDrawGPRS         lcd_st7565r.o
    0x080374bc   0x000000c4   Code   RO         1581    i.mDrawGPRSSignal   lcd_st7565r.o
    0x08037580   0x00000104   Code   RO         1582    i.mDrawPower        lcd_st7565r.o
    0x08037684   0x00000040   Code   RO         1583    i.mEnCursor         lcd_st7565r.o
    0x080376c4   0x0000006c   Code   RO         1584    i.mInitialLCD       lcd_st7565r.o
    0x08037730   0x00000020   Code   RO         1585    i.mLightLCDOff      lcd_st7565r.o
    0x08037750   0x00000020   Code   RO         1586    i.mLightLCDOn       lcd_st7565r.o
    0x08037770   0x0000004c   Code   RO         1588    i.mRefreshLine      lcd_st7565r.o
    0x080377bc   0x0000001a   Code   RO         1589    i.mSetContrast      lcd_st7565r.o
    0x080377d6   0x00000002   PAD
    0x080377d8   0x0000003c   Code   RO         1590    i.mSetState         lcd_st7565r.o
    0x08037814   0x00000138   Code   RO         4696    i.main              main.o
    0x0803794c   0x0000007c   Code   RO         1431    i.mktimev           rtc.o
    0x080379c8   0x00000018   Code   RO          293    i.msDelay           interface.o
    0x080379e0   0x0000002c   Code   RO         6438    i.partial_cut       print_main.o
    0x08037a0c   0x00000030   Code   RO          758    i.pwrADCCtrl        pwr_ctrl.o
    0x08037a3c   0x0000008c   Code   RO          760    i.pwrGetStatus      pwr_ctrl.o
    0x08037ac8   0x00000078   Code   RO          761    i.pwrIO_Init        pwr_ctrl.o
    0x08037b40   0x00000012   Code   RO          762    i.pwr_Init          pwr_ctrl.o
    0x08037b52   0x00000054   Code   RO         1432    i.rtc_Config        rtc.o
    0x08037ba6   0x00000014   Code   RO         1433    i.rtc_gettime       rtc.o
    0x08037bba   0x00000044   Code   RO         1434    i.rtc_init          rtc.o
    0x08037bfe   0x00000020   Code   RO         1435    i.rtc_settime       rtc.o
    0x08037c1e   0x00000002   PAD
    0x08037c20   0x00000064   Code   RO         6440    i.sel_print_mode    print_main.o
    0x08037c84   0x0000010c   Code   RO         6441    i.sel_raster_bit_image  print_main.o
    0x08037d90   0x00000028   Code   RO         1594    i.st7565SetXY       lcd_st7565r.o
    0x08037db8   0x0000005c   Code   RO         5451    i.strToBin          progopt.o
    0x08037e14   0x000000c8   Code   RO         1436    i.to_tm             rtc.o
    0x08037edc   0x0000002c   Code   RO         6442    i.total_cut         print_main.o
    0x08037f08   0x00000016   Code   RO         6443    i.turn_underline_mode  print_main.o
    0x08037f1e   0x00000002   PAD
    0x08037f20   0x00000034   Code   RO         6444    i.tx_printer_status  print_main.o
    0x08037f54   0x00000070   Code   RO         6445    i.tx_status         print_main.o
    0x08037fc4   0x00000048   Code   RO          294    i.usDelay           interface.o
    0x0803800c   0x000000a8   Code   RO           28    i.wFlashProgramAWord  flashb.o
    0x080380b4   0x00000008   Code   RO           31    i.wFlashWrite       flashb.o
    0x080380bc   0x0000001a   Code   RO          685    i.xprintf           monitor.o
    0x080380d6   0x00000002   PAD
    0x080380d8   0x00000038   Code   RO          686    i.xputc             monitor.o
    0x08038110   0x00000016   Code   RO          687    i.xputs             monitor.o
    0x08038126   0x00000212   Code   RO          689    i.xvprintf          monitor.o
    0x08038338   0x00000c00   Data   RO            1    .constdata          asciifonts.o
    0x08038f38   0x0000008c   Data   RO           32    .constdata          flashb.o
    0x08038fc4   0x00000030   Data   RO         1437    .constdata          rtc.o
    0x08038ff4   0x0000005b   Data   RO         1503    .constdata          led_customer.o
    0x0803904f   0x00000408   Data   RO         1596    .constdata          lcd_st7565r.o
    0x08039457   0x00000001   PAD
    0x08039458   0x0000169e   Data   RO         1945    .constdata          chinaapp.o
    0x0803aaf6   0x000011cb   Data   RO         2195    .constdata          chnmess.o
    0x0803bcc1   0x0000000b   Data   RO         2252    .constdata          computer.o
    0x0803bccc   0x00001150   Data   RO         2678    .constdata          extmodules.o
    0x0803ce1c   0x00000038   Data   RO         3263    .constdata          firmkey.o
    0x0803ce54   0x000000a8   Data   RO         3456    .constdata          flowbill.o
    0x0803cefc   0x000000c5   Data   RO         3943    .constdata          gprs.o
    0x0803cfc1   0x000000b4   Data   RO         4625    .constdata          kp.o
    0x0803d075   0x00000003   PAD
    0x0803d078   0x00000034   Data   RO         4777    .constdata          memory.o
    0x0803d0ac   0x00000456   Data   RO         4817    .constdata          menu.o
    0x0803d502   0x000000f8   Data   RO         5313    .constdata          print.o
    0x0803d5fa   0x00000007   Data   RO         5452    .constdata          progopt.o
    0x0803d601   0x00000008   Data   RO         5562    .constdata          program.o
    0x0803d609   0x0000002c   Data   RO         5893    .constdata          report2.o
    0x0803d635   0x00000003   PAD
    0x0803d638   0x00000c18   Data   RO         6356    .constdata          print_def.o
    0x0803e250   0x00002a50   Data   RO         6447    .constdata          print_main.o
    0x08040ca0   0x00000c19   Data   RO         6849    .constdata          photo_abbigl.o
    0x080418b9   0x00000003   PAD
    0x080418bc   0x00000675   Data   RO         6858    .constdata          photo_appetito.o
    0x08041f31   0x00000003   PAD
    0x08041f34   0x000007f5   Data   RO         6876    .constdata          photo_caffe.o
    0x08042729   0x00000003   PAD
    0x0804272c   0x00000bce   Data   RO         6885    .constdata          photo_carneval.o
    0x080432fa   0x00000002   PAD
    0x080432fc   0x000007f5   Data   RO         6894    .constdata          photo_cornetto.o
    0x08043af1   0x00000003   PAD
    0x08043af4   0x000009ee   Data   RO         6903    .constdata          photo_cucina.o
    0x080444e2   0x00000002   PAD
    0x080444e4   0x00000675   Data   RO         6912    .constdata          photo_donna.o
    0x08044b59   0x00000003   PAD
    0x08044b5c   0x00000c75   Data   RO         6921    .constdata          photo_eutron.o
    0x080457d1   0x00000003   PAD
    0x080457d4   0x00000675   Data   RO         6930    .constdata          photo_fiori.o
    0x08045e49   0x00000003   PAD
    0x08045e4c   0x0000062e   Data   RO         6939    .constdata          photo_gelato.o
    0x0804647a   0x00000002   PAD
    0x0804647c   0x00000bce   Data   RO         6948    .constdata          photo_jolly.o
    0x0804704a   0x00000002   PAD
    0x0804704c   0x00000bce   Data   RO         6969    .constdata          photo_mamma.o
    0x08047c1a   0x00000002   PAD
    0x08047c1c   0x000009ee   Data   RO         6978    .constdata          photo_natale.o
    0x0804860a   0x00000002   PAD
    0x0804860c   0x00000149   Data   RO         6987    .constdata          photo_panama.o
    0x08048755   0x00000003   PAD
    0x08048758   0x00000975   Data   RO         6996    .constdata          photo_pane.o
    0x080490cd   0x00000003   PAD
    0x080490d0   0x00000675   Data   RO         7005    .constdata          photo_papa.o
    0x08049745   0x00000003   PAD
    0x08049748   0x00000be7   Data   RO         7014    .constdata          photo_pasqua.o
    0x0804a32f   0x00000001   PAD
    0x0804a330   0x00000975   Data   RO         7023    .constdata          photo_pesce.o
    0x0804aca5   0x00000003   PAD
    0x0804aca8   0x000009ee   Data   RO         7032    .constdata          photo_risparmi.o
    0x0804b696   0x00000002   PAD
    0x0804b698   0x00000975   Data   RO         7041    .constdata          photo_salumi.o
    0x0804c00d   0x00000003   PAD
    0x0804c010   0x00000675   Data   RO         7050    .constdata          photo_selfdef.o
    0x0804c685   0x00000003   PAD
    0x0804c688   0x00000675   Data   RO         7059    .constdata          photo_sport.o
    0x0804ccfd   0x00000003   PAD
    0x0804cd00   0x000009ee   Data   RO         7068    .constdata          photo_vacanze.o
    0x0804d6ee   0x00000002   PAD
    0x0804d6f0   0x00000975   Data   RO         7077    .constdata          photo_valentin.o
    0x0804e065   0x000000b1   Data   RO        10221    .constdata          usb_desc.o
    0x0804e116   0x00000081   Data   RO        11353    .constdata          mc_w.l(ctype_o.o)
    0x0804e197   0x00000001   PAD
    0x0804e198   0x00000004   Data   RO        11354    .constdata          mc_w.l(ctype_o.o)
    0x0804e19c   0x00000244   Data   RO         1946    .conststring        chinaapp.o
    0x0804e3e0   0x00001b20   Data   RO         2196    .conststring        chnmess.o
    0x0804ff00   0x000001f9   Data   RO         2679    .conststring        extmodules.o
    0x080500f9   0x00000003   PAD
    0x080500fc   0x00000020   Data   RO        11387    Region$$Table       anon$$obj.o


    Execution Region RW_IRAM1 (Base: 0x20000000, Size: 0x0000f7e8, Max: 0x00010000, ABSOLUTE, COMPRESSED[0x00000278])

    Base Addr    Size         Type   Attr      Idx    E Section Name        Object

    0x20000000   0x00000014   Data   RW          295    .data               interface.o
    0x20000014   0x0000005e   Data   RW          611    .data               keyboard.o
    0x20000072   0x00000002   PAD
    0x20000074   0x0000000c   Data   RW          690    .data               monitor.o
    0x20000080   0x0000005c   Data   RW          763    .data               pwr_ctrl.o
    0x200000dc   0x00000012   Data   RW          942    .data               stm32f10x_it.o
    0x200000ee   0x00000002   PAD
    0x200000f0   0x0000000b   Data   RW         1107    .data               usart.o
    0x200000fb   0x00000001   PAD
    0x200000fc   0x0000001c   Data   RW         1224    .data               sdio_sd.o
    0x20000118   0x00000030   Data   RW         1438    .data               rtc.o
    0x20000148   0x00000024   Data   RW         1504    .data               led_customer.o
    0x2000016c   0x00000007   Data   RW         1597    .data               lcd_st7565r.o
    0x20000173   0x00000001   PAD
    0x20000174   0x00000008   Data   RW         1785    .data               usb_app.o
    0x2000017c   0x00000007   Data   RW         1854    .data               balance.o
    0x20000183   0x00000001   PAD
    0x20000184   0x00000004   Data   RW         1880    .data               barcode.o
    0x20000188   0x00000058   Data   RW         1947    .data               chinaapp.o
    0x200001e0   0x00000003   Data   RW         1980    .data               chndisp.o
    0x200001e3   0x00000001   PAD
    0x200001e4   0x00000009   Data   RW         2126    .data               chninput.o
    0x200001ed   0x00000003   PAD
    0x200001f0   0x00000008   Data   RW         2253    .data               computer.o
    0x200001f8   0x00000001   Data   RW         2423    .data               depart.o
    0x200001f9   0x00000003   PAD
    0x200001fc   0x00000070   Data   RW         2680    .data               extmodules.o
    0x2000026c   0x00000004   Data   RW         3264    .data               firmkey.o
    0x20000270   0x00000004   Data   RW         3368    .data               fixed.o
    0x20000274   0x00000004   Data   RW         3457    .data               flowbill.o
    0x20000278   0x00000001   Data   RW         3777    .data               general.o
    0x20000279   0x00000003   PAD
    0x2000027c   0x00000020   Data   RW         3944    .data               gprs.o
    0x2000029c   0x00000002   Data   RW         4468    .data               initappl.o
    0x2000029e   0x00000002   PAD
    0x200002a0   0x0000002c   Data   RW         4778    .data               memory.o
    0x200002cc   0x0000000c   Data   RW         4818    .data               menu.o
    0x200002d8   0x00000008   Data   RW         5563    .data               program.o
    0x200002e0   0x00000009   Data   RW         6320    .data               timer.o
    0x200002e9   0x00000003   PAD
    0x200002ec   0x00000110   Data   RW         6357    .data               print_def.o
    0x200003fc   0x00000001   Data   RW         6448    .data               print_main.o
    0x200003fd   0x00000003   PAD
    0x20000400   0x00000014   Data   RW         7090    .data               system_stm32f10x.o
    0x20000414   0x00000014   Data   RW         8735    .data               stm32f10x_rcc.o
    0x20000428   0x0000000c   Data   RW        10111    .data               usb_pwr.o
    0x20000434   0x00000010   Data   RW        10159    .data               hw_config.o
    0x20000444   0x0000001a   Data   RW        10222    .data               usb_desc.o
    0x2000045e   0x00000002   PAD
    0x20000460   0x00000004   Data   RW        10246    .data               usb_endp.o
    0x20000464   0x00000044   Data   RW        10320    .data               usb_istr.o
    0x200004a8   0x00000094   Data   RW        10351    .data               usb_prop.o
    0x2000053c   0x00000003   Data   RW        10841    .data               usb_core.o
    0x2000053f   0x00000001   PAD
    0x20000540   0x00000014   Data   RW        10943    .data               usb_init.o
    0x20000554   0x00000004   Data   RW        10966    .data               usb_int.o
    0x20000558   0x00000004   Data   RW        11330    .data               mc_w.l(errno.o)
    0x2000055c   0x0000000a   Zero   RW          610    .bss                keyboard.o
    0x20000566   0x00000002   PAD
    0x20000568   0x00001958   Zero   RW         1106    .bss                usart.o
    0x20001ec0   0x000000cc   Zero   RW         1223    .bss                sdio_sd.o
    0x20001f8c   0x00000400   Zero   RW         1595    .bss                lcd_st7565r.o
    0x2000238c   0x0000001e   Zero   RW         1853    .bss                balance.o
    0x200023aa   0x000000fe   Zero   RW         1879    .bss                barcode.o
    0x200024a8   0x00000050   Zero   RW         1979    .bss                chndisp.o
    0x200024f8   0x00000010   Zero   RW         2125    .bss                chninput.o
    0x20002508   0x00000400   Zero   RW         2251    .bss                computer.o
    0x20002908   0x0000002e   Zero   RW         2677    .bss                extmodules.o
    0x20002936   0x0000002f   Zero   RW         3455    .bss                flowbill.o
    0x20002965   0x00000003   PAD
    0x20002968   0x0000637d   Zero   RW         4776    .bss                memory.o
    0x20008ce5   0x0000004b   Zero   RW         4816    .bss                menu.o
    0x20008d30   0x00000fa0   Zero   RW         5312    .bss                print.o
    0x20009cd0   0x0000003d   Zero   RW         5561    .bss                program.o
    0x20009d0d   0x00000003   PAD
    0x20009d10   0x0000222c   Zero   RW         6355    .bss                print_def.o
    0x2000bf3c   0x00000020   Zero   RW        10110    .bss                usb_pwr.o
    0x2000bf5c   0x00000040   Zero   RW        10158    .bss                hw_config.o
    0x2000bf9c   0x00000830   Zero   RW        10245    .bss                usb_endp.o
    0x2000c7cc   0x0000001c   Zero   RW        10942    .bss                usb_init.o
    0x2000c7e8   0x00003000   Zero   RW         7131    STACK               startup_stm32f10x_hd.o



  Load Region LR$$.ARM.__AT_0x60004000 (Base: 0x60004000, Size: 0x00000000, Max: 0x00002000, ABSOLUTE)

    Execution Region ER$$.ARM.__AT_0x60004000 (Base: 0x60004000, Size: 0x00002000, Max: 0x00002000, ABSOLUTE, UNINIT)

    Base Addr    Size         Type   Attr      Idx    E Section Name        Object

    0x60004000   0x00002000   Zero   RW         4772    .ARM.__AT_0x60004000  memory.o



  Load Region LR$$.ARM.__AT_0x60006000 (Base: 0x60006000, Size: 0x00000000, Max: 0x00002000, ABSOLUTE)

    Execution Region ER$$.ARM.__AT_0x60006000 (Base: 0x60006000, Size: 0x00002000, Max: 0x00002000, ABSOLUTE, UNINIT)

    Base Addr    Size         Type   Attr      Idx    E Section Name        Object

    0x60006000   0x00002000   Zero   RW         4773    .ARM.__AT_0x60006000  memory.o



  Load Region LR$$.ARM.__AT_0x60008000 (Base: 0x60008000, Size: 0x00000000, Max: 0x00008000, ABSOLUTE)

    Execution Region ER$$.ARM.__AT_0x60008000 (Base: 0x60008000, Size: 0x00008000, Max: 0x00008000, ABSOLUTE, UNINIT)

    Base Addr    Size         Type   Attr      Idx    E Section Name        Object

    0x60008000   0x00008000   Zero   RW         4774    .ARM.__AT_0x60008000  memory.o



  Load Region LR$$.ARM.__AT_0x64000000 (Base: 0x64000000, Size: 0x00000000, Max: 0x000036e8, ABSOLUTE)

    Execution Region ER$$.ARM.__AT_0x64000000 (Base: 0x64000000, Size: 0x000036e8, Max: 0x000036e8, ABSOLUTE, UNINIT)

    Base Addr    Size         Type   Attr      Idx    E Section Name        Object

    0x64000000   0x000036e8   Zero   RW         4775    .ARM.__AT_0x64000000  memory.o



  Load Region LR$$.ARM.__AT_0x6403F000 (Base: 0x6403f000, Size: 0x00000000, Max: 0x0000008c, ABSOLUTE)

    Execution Region ER$$.ARM.__AT_0x6403F000 (Base: 0x6403f000, Size: 0x0000008c, Max: 0x0000008c, ABSOLUTE, UNINIT)

    Base Addr    Size         Type   Attr      Idx    E Section Name        Object

    0x6403f000   0x0000008a   Zero   RW         6446    .ARM.__AT_0x6403F000  print_main.o


==============================================================================

Image component sizes


      Code (inc. data)   RO Data    RW Data    ZI Data      Debug   Object Name

         0          0       3072          0          0       5012   asciifonts.o
       836         54          0          7         30       2352   balance.o
      1084         62          0          4        254       2210   barcode.o
      6760        272          0          0          0       7266   buffer.o
         0          0       6370         88          0       1436   chinaapp.o
      1770        118          0          3         80      13003   chndisp.o
      3572        180          0          9         16       7160   chninput.o
         0          0      11499          0          0       5135   chnmess.o
       692         60          0          0          0       2156   clerk.o
      8322        422         11          8       1024      13020   computer.o
         0          0          0          0          0         32   core_cm3.o
      1960        108          0          0          0       3645   correc.o
       600         70          0          0          0       3191   currency.o
      4624        198          0          1          0       5475   depart.o
      4496        206          0          0          0       5088   discount.o
       732         86          0          0          0       3242   drawer.o
      1780         40          0          0          0      17120   ecr_iap.o
     14244        962       4937        112         46      62970   extmodules.o
      9352        860         56          4          0      12228   firmkey.o
       244         26          0          0          0       1118   fiscal.o
      4500        280          0          4          0       6256   fixed.o
       948         64        140          0          0     312669   flashb.o
      9356        776        168          4         47      31856   flowbill.o
       704         38          0          0          0       5173   format.o
       442         18          0          0          0       3447   fsmc_sram.o
      6136        354          0          1          0      13590   general.o
     10028        848        197         32          0      31205   gprs.o
       304         36          0          0          0       1766   group.o
      6008        662          0          0          0      12038   hardtest.o
       386         36          0         16         64       6963   hw_config.o
      2954        272          0          0          0       6973   iccard.o
       116         30          0          0          0       1738   iccardblock.o
      6132        668          0          2          0      16716   initappl.o
      2402        252          0         20          0      83751   interface.o
      1288        142          0         94         10       6659   keyboard.o
      2704        182        180          0          0       7602   kp.o
      2610        198       1032          7       1024      15084   lcd_st7565r.o
       846        104         91         36          0       6535   led_customer.o
      3636        234          0          0          0       7646   main.o
      1288         30         52         44      88677       3446   memory.o
      4682        290       1110         12         75      14514   menu.o
       132         22          0          0          0       1659   misc.o
       516         66          0          0          0       1873   modifier.o
       702         30          0         12          0       4445   monitor.o
       368         28          0          0          0       1403   offprice.o
      7712        352          0          0          0      10307   pb.o
      3720        146          0          0          0       5500   pbbuffer.o
         0          0       3097          0          0        582   photo_abbigl.o
         0          0       1653          0          0        598   photo_appetito.o
         0          0       2037          0          0        576   photo_caffe.o
         0          0       3022          0          0        598   photo_carneval.o
         0          0       2037          0          0        598   photo_cornetto.o
         0          0       2542          0          0        582   photo_cucina.o
         0          0       1653          0          0        576   photo_donna.o
         0          0       3189          0          0        582   photo_eutron.o
         0          0       1653          0          0        576   photo_fiori.o
         0          0       1582          0          0        582   photo_gelato.o
         0          0       3022          0          0        576   photo_jolly.o
         0          0       3022          0          0        576   photo_mamma.o
         0          0       2542          0          0        582   photo_natale.o
         0          0        329          0          0        582   photo_panama.o
         0          0       2421          0          0        570   photo_pane.o
         0          0       1653          0          0        570   photo_papa.o
         0          0       3047          0          0        582   photo_pasqua.o
         0          0       2421          0          0        576   photo_pesce.o
         0          0       2542          0          0        598   photo_risparmi.o
         0          0       2421          0          0        582   photo_salumi.o
         0          0       1653          0          0        588   photo_selfdef.o
         0          0       1653          0          0        576   photo_sport.o
         0          0       2542          0          0        588   photo_vacanze.o
         0          0       2421          0          0        598   photo_valentin.o
         0          0          0          0          0       1620   photo_vuoto.o
      6016        362          0          0          0      11348   plu.o
      1104         66          0          0          0       2638   pora.o
       200         38          0          0          0       1389   port.o
      7918        300        248          0       4000      17513   print.o
         0          0       3096        272       8748      10504   print_def.o
      9278       1072      10832          1        138      47674   print_main.o
       448         46          0          0          0        750   progdump.o
      2860        272          7          0          0       6459   progopt.o
     17820       1850          8          8         61      37177   program.o
       522         48          0         92          0       3383   pwr_ctrl.o
      8442        618          0          0          0      22833   report.o
      2456        224         44          0          0       6107   report2.o
       636         20         48         48          0       4443   rtc.o
         6          0          0          0          0       1178   salper.o
      3880        216          0         28        204      21165   sdio_sd.o
       156          4          0          0          0        971   search.o
        36          8        304          0      12288        808   startup_stm32f10x_hd.o
       330         10          0          0          0       5416   stm32f10x_adc.o
        56         10          0          0          0       2335   stm32f10x_bkp.o
       416          8          0          0          0       3574   stm32f10x_dma.o
       200         18          0          0          0       2268   stm32f10x_exti.o
       282          6          0          0          0       1941   stm32f10x_fsmc.o
       490         10          0          0          0       4131   stm32f10x_gpio.o
       980         80          0         18          0      12016   stm32f10x_it.o
        12          6          0          0          0        546   stm32f10x_pwr.o
       504         76          0         20          0       9139   stm32f10x_rcc.o
       232         42          0          0          0       4450   stm32f10x_rtc.o
       344         80          0          0          0       9685   stm32f10x_sdio.o
       106          0          0          0          0       3480   stm32f10x_spi.o
       472         62          0          0          0       7449   stm32f10x_tim.o
       464          6          0          0          0       7050   stm32f10x_usart.o
       328         28          0         20          0       2213   system_stm32f10x.o
      1998        112          0          0          0       5600   tax.o
      3700        200          0          0          0       3939   tender.o
      1980         72          0          9          0       2669   timer.o
      1352         76          0         11       6488       8358   usart.o
        60          8          0          8          0       2217   usb_app.o
      3058        288          0          3          0      14923   usb_core.o
         0          0        177         26          0       1115   usb_desc.o
       308         44          0          4       2096       6679   usb_endp.o
        60         24          0         20         28       4190   usb_init.o
       648         32          0          4          0       1804   usb_int.o
       460         38          0         68          0       1659   usb_istr.o
        96         10          0          0          0       1864   usb_mem.o
       628        102          0        148          0      11649   usb_prop.o
       484         54          0         12         32       3728   usb_pwr.o
       712        100          0          0          0      10191   usb_regs.o
        36          8          0          0          0        507   usb_sil.o

    ----------------------------------------------------------------------
    224368      16636      97934       1368     125440    1162412   Object Totals
         0          0         32          0          0          0   (incl. Generated)
       106          0         69         28         10          0   (incl. Padding)

    ----------------------------------------------------------------------

      Code (inc. data)   RO Data    RW Data    ZI Data      Debug   Library Member Name

        86          0          0          0          0          0   __dczerorl2.o
        28          0          0          0          0         68   _chval.o
       158          0          0          0          0         92   _strtoul.o
        26          0          0          0          0         80   atoi.o
         8          4        133          0          0         68   ctype_o.o
         0          0          0          0          0          0   entry.o
         0          0          0          0          0          0   entry10a.o
         0          0          0          0          0          0   entry11a.o
         8          4          0          0          0          0   entry2.o
         4          0          0          0          0          0   entry5.o
         0          0          0          0          0          0   entry7b.o
         0          0          0          0          0          0   entry8b.o
         8          4          0          0          0          0   entry9a.o
         8          4          0          4          0         68   errno.o
        30          0          0          0          0          0   handlers.o
        36          8          0          0          0         68   init.o
         0          0          0          0          0          0   iusefp.o
        30          0          0          0          0         68   llshl.o
        36          0          0          0          0         68   llsshr.o
        32          0          0          0          0         68   llushr.o
        26          0          0          0          0         80   memcmp.o
        36          0          0          0          0         68   memcpya.o
        36          0          0          0          0        108   memseta.o
      1172         50          0          0          0        420   printf8.o
      2240         86          0          0          0        508   printfa.o
        24          0          0          0          0         68   strcat.o
        20          0          0          0          0         68   strchr.o
        28          0          0          0          0         76   strcmp.o
        18          0          0          0          0         68   strcpy.o
        14          0          0          0          0         68   strlen.o
        30          0          0          0          0         80   strncmp.o
        24          0          0          0          0         76   strncpy.o
        36          0          0          0          0         80   strstr.o
       112          0          0          0          0         88   strtol.o
        44          0          0          0          0         80   uidiv.o
        98          0          0          0          0         92   uldiv.o
        48          0          0          0          0         68   cdrcmple.o
       334          0          0          0          0        148   dadd.o
       222          0          0          0          0        100   ddiv.o
       186          0          0          0          0        176   depilogue.o
        48          0          0          0          0         68   dfixul.o
       228          0          0          0          0         96   dmul.o

    ----------------------------------------------------------------------
      5528        160        134          4          0       3332   Library Totals
         6          0          1          0          0          0   (incl. Padding)

    ----------------------------------------------------------------------

      Code (inc. data)   RO Data    RW Data    ZI Data      Debug   Library Name

      4456        160        133          4          0       2676   mc_w.l
      1066          0          0          0          0        656   mf_w.l

    ----------------------------------------------------------------------
      5528        160        134          4          0       3332   Library Totals

    ----------------------------------------------------------------------

==============================================================================


      Code (inc. data)   RO Data    RW Data    ZI Data      Debug   

    229896      16796      98068       1372     125440    1113404   Grand Totals
    229896      16796      98068        632     125440    1113404   ELF Image Totals (compressed)
    229896      16796      98068        632          0          0   ROM Totals

==============================================================================

    Total RO  Size (Code + RO Data)               327964 ( 320.28kB)
    Total RW  Size (RW Data + ZI Data)            126812 ( 123.84kB)
    Total ROM Size (Code + RO Data + RW Data)     328596 ( 320.89kB)

==============================================================================

